 client

 Timestamp is 5c1032b4 (Wed Dec 12 00:57:08 2018)

 Preferred load address is 10000000

 Start         Length     Name                   Class
 0001:00000000 0005d4b0H .text                   CODE
 0001:0005d4b0 00000d52H .text$x                 CODE
 0001:0005e210 000000e6H .text$yc                CODE
 0001:0005e300 0000005aH .text$yd                CODE
 0002:00000000 000009f8H .idata$5                DATA
 0002:000009f8 00000004H .CRT$XCA                DATA
 0002:000009fc 00000020H .CRT$XCU                DATA
 0002:00000a1c 00000004H .CRT$XCZ                DATA
 0002:00000a20 00000004H .CRT$XIA                DATA
 0002:00000a24 00000014H .CRT$XIC                DATA
 0002:00000a38 00000004H .CRT$XIZ                DATA
 0002:00000a3c 00000004H .CRT$XPA                DATA
 0002:00000a40 00000008H .CRT$XPX                DATA
 0002:00000a48 00000004H .CRT$XPXA               DATA
 0002:00000a4c 00000004H .CRT$XPZ                DATA
 0002:00000a50 00000004H .CRT$XTA                DATA
 0002:00000a54 00000004H .CRT$XTZ                DATA
 0002:00000a60 0001d480H .rdata                  DATA
 0002:0001dee0 000032fcH .rdata$r                DATA
 0002:000211e0 00000088H .rdata$sxdata           DATA
 0002:00021268 00000004H .rtc$IAA                DATA
 0002:0002126c 00000004H .rtc$IZZ                DATA
 0002:00021270 00000004H .rtc$TAA                DATA
 0002:00021274 00000004H .rtc$TZZ                DATA
 0002:00021278 0000107cH .xdata$x                DATA
 0002:000222f4 00000078H .idata$2                DATA
 0002:0002236c 00000014H .idata$3                DATA
 0002:00022380 000009f8H .idata$4                DATA
 0002:00022d78 000066c2H .idata$6                DATA
 0002:00029440 00006e79H .edata                  DATA
 0003:00000000 000042a0H .data                   DATA
 0003:000042a0 000377b8H .bss                    DATA
 0004:00000000 000000a0H .rsrc$01                DATA
 0004:000000a0 000003d8H .rsrc$02                DATA

  Address         Publics by Value              Rva+Base       Lib:Object

 0000:00000000       __except_list              00000000     <absolute>
 0000:00000022       ___safe_se_handler_count   00000022     <absolute>
 0000:00000000       ___ImageBase               10000000     <linker-defined>
 0001:00000000       ??0?$Dar@D@vgui@@QAE@H@Z   10001000 f i ammo.obj
 0001:00000030       ??0?$Dar@D@vgui@@QAE@XZ    10001030 f i ammo.obj
 0001:00000060       ??0?$Dar@PAVDesktopIcon@vgui@@@vgui@@QAE@H@Z 10001060 f i ammo.obj
 0001:00000060       ??0?$Dar@PAVIntChangeSignal@vgui@@@vgui@@QAE@H@Z 10001060 f i ammo.obj
 0001:00000060       ??0?$Dar@PAVButton@vgui@@@vgui@@QAE@H@Z 10001060 f i ammo.obj
 0001:00000060       ??0?$Dar@PAVFrameSignal@vgui@@@vgui@@QAE@H@Z 10001060 f i ammo.obj
 0001:00000060       ??0?$Dar@PAVFrame@vgui@@@vgui@@QAE@H@Z 10001060 f i ammo.obj
 0001:00000060       ??0?$Dar@PAD@vgui@@QAE@H@Z 10001060 f i ammo.obj
 0001:00000060       ??0?$Dar@PAVPanel@vgui@@@vgui@@QAE@H@Z 10001060 f i ammo.obj
 0001:00000060       ??0?$Dar@PAVInputSignal@vgui@@@vgui@@QAE@H@Z 10001060 f i ammo.obj
 0001:00000060       ??0?$Dar@PAVActionSignal@vgui@@@vgui@@QAE@H@Z 10001060 f i ammo.obj
 0001:00000060       ??0?$Dar@PAVRepaintSignal@vgui@@@vgui@@QAE@H@Z 10001060 f i ammo.obj
 0001:00000060       ??0?$Dar@PAVLabel@vgui@@@vgui@@QAE@H@Z 10001060 f i ammo.obj
 0001:00000060       ??0?$Dar@PAVChangeSignal@vgui@@@vgui@@QAE@H@Z 10001060 f i ammo.obj
 0001:00000060       ??0?$Dar@PAVSurfaceBase@vgui@@@vgui@@QAE@H@Z 10001060 f i ammo.obj
 0001:00000060       ??0?$Dar@PAV?$Dar@D@vgui@@@vgui@@QAE@H@Z 10001060 f i ammo.obj
 0001:00000060       ??0?$Dar@PAVFocusChangeSignal@vgui@@@vgui@@QAE@H@Z 10001060 f i ammo.obj
 0001:00000060       ??0?$Dar@PAVTickSignal@vgui@@@vgui@@QAE@H@Z 10001060 f i ammo.obj
 0001:00000060       ??0?$Dar@H@vgui@@QAE@H@Z   10001060 f i ammo.obj
 0001:00000090       ??0?$Dar@PAVChangeSignal@vgui@@@vgui@@QAE@XZ 10001090 f i ammo.obj
 0001:00000090       ??0?$Dar@H@vgui@@QAE@XZ    10001090 f i ammo.obj
 0001:00000090       ??0?$Dar@PAVActionSignal@vgui@@@vgui@@QAE@XZ 10001090 f i ammo.obj
 0001:00000090       ??0?$Dar@PAVTickSignal@vgui@@@vgui@@QAE@XZ 10001090 f i ammo.obj
 0001:00000090       ??0?$Dar@PAVFrame@vgui@@@vgui@@QAE@XZ 10001090 f i ammo.obj
 0001:00000090       ??0?$Dar@PAVDesktopIcon@vgui@@@vgui@@QAE@XZ 10001090 f i ammo.obj
 0001:00000090       ??0?$Dar@PAVLabel@vgui@@@vgui@@QAE@XZ 10001090 f i ammo.obj
 0001:00000090       ??0?$Dar@PAVFrameSignal@vgui@@@vgui@@QAE@XZ 10001090 f i ammo.obj
 0001:00000090       ??0?$Dar@PAD@vgui@@QAE@XZ  10001090 f i ammo.obj
 0001:00000090       ??0?$Dar@PAV?$Dar@D@vgui@@@vgui@@QAE@XZ 10001090 f i ammo.obj
 0001:00000090       ??0?$Dar@PAVIntChangeSignal@vgui@@@vgui@@QAE@XZ 10001090 f i ammo.obj
 0001:00000090       ??0?$Dar@PAVPanel@vgui@@@vgui@@QAE@XZ 10001090 f i ammo.obj
 0001:00000090       ??0?$Dar@PAVButton@vgui@@@vgui@@QAE@XZ 10001090 f i ammo.obj
 0001:00000090       ??0?$Dar@PAVInputSignal@vgui@@@vgui@@QAE@XZ 10001090 f i ammo.obj
 0001:00000090       ??0?$Dar@PAVSurfaceBase@vgui@@@vgui@@QAE@XZ 10001090 f i ammo.obj
 0001:00000090       ??0?$Dar@PAVRepaintSignal@vgui@@@vgui@@QAE@XZ 10001090 f i ammo.obj
 0001:00000090       ??0?$Dar@PAVFocusChangeSignal@vgui@@@vgui@@QAE@XZ 10001090 f i ammo.obj
 0001:000000c0       ??0ActionSignal@vgui@@QAE@ABV01@@Z 100010c0 f i ammo.obj
 0001:000000d0       ??0ActionSignal@vgui@@QAE@XZ 100010d0 f i ammo.obj
 0001:000000e0       ??0App@vgui@@QAE@ABV01@@Z  100010e0 f i ammo.obj
 0001:00000250       ??0Bitmap@vgui@@QAE@ABV01@@Z 10001250 f i ammo.obj
 0001:000002b0       ??0BitmapTGA@vgui@@QAE@ABV01@@Z 100012b0 f i ammo.obj
 0001:00000320       ??0Border@vgui@@QAE@ABV01@@Z 10001320 f i ammo.obj
 0001:00000390       ??0Button@vgui@@QAE@ABV01@@Z 10001390 f i ammo.obj
 0001:00000430       ??0Color@vgui@@QAE@ABV01@@Z 10001430 f i ammo.obj
 0001:00000450       ??0Cursor@vgui@@QAE@ABV01@@Z 10001450 f i ammo.obj
 0001:00000480       ??0DesktopIcon@vgui@@QAE@ABV01@@Z 10001480 f i ammo.obj
 0001:000004d0       ??0FileInputStream@vgui@@QAE@ABV01@@Z 100014d0 f i ammo.obj
 0001:000004f0       ??0Font@vgui@@QAE@ABV01@@Z 100014f0 f i ammo.obj
 0001:00000520       ??0Frame@vgui@@QAE@ABV01@@Z 10001520 f i ammo.obj
 0001:00000650       ??0Image@vgui@@QAE@ABV01@@Z 10001650 f i ammo.obj
 0001:000006a0       ??0ImagePanel@vgui@@QAE@ABV01@@Z 100016a0 f i ammo.obj
 0001:000006d0       ??0ImagePanel@vgui@@QAE@XZ 100016d0 f i ammo.obj
 0001:000006f0       ??0InputSignal@vgui@@QAE@ABV01@@Z 100016f0 f i ammo.obj
 0001:00000700       ??0InputSignal@vgui@@QAE@XZ 10001700 f i ammo.obj
 0001:00000710       ??0InputStream@vgui@@QAE@ABV01@@Z 10001710 f i ammo.obj
 0001:00000720       ??0InputStream@vgui@@QAE@XZ 10001720 f i ammo.obj
 0001:00000730       ??0Label@vgui@@QAE@ABV01@@Z 10001730 f i ammo.obj
 0001:000007b0       ??0Label@vgui@@QAE@XZ      100017b0 f i ammo.obj
 0001:000007e0       ??0LineBorder@vgui@@QAE@ABV01@@Z 100017e0 f i ammo.obj
 0001:00000860       ??0MiniApp@vgui@@QAE@ABV01@@Z 10001860 f i ammo.obj
 0001:00000880       ??0Panel@vgui@@QAE@ABV01@@Z 10001880 f i ammo.obj
 0001:00000a20       ??0Scheme@vgui@@QAE@ABV01@@Z 10001a20 f i ammo.obj
 0001:00000a90       ??0ScrollBar@vgui@@QAE@ABV01@@Z 10001a90 f i ammo.obj
 0001:00000b00       ??0ScrollPanel@vgui@@QAE@ABV01@@Z 10001b00 f i ammo.obj
 0001:00000b60       ??0Slider@vgui@@QAE@ABV01@@Z 10001b60 f i ammo.obj
 0001:00000c50       ??0TextPanel@vgui@@QAE@ABV01@@Z 10001c50 f i ammo.obj
 0001:00000c80       ??4?$Dar@PAVSurfaceBase@vgui@@@vgui@@QAEAAV01@ABV01@@Z 10001c80 f i ammo.obj
 0001:00000c80       ??4?$Dar@PAVDesktopIcon@vgui@@@vgui@@QAEAAV01@ABV01@@Z 10001c80 f i ammo.obj
 0001:00000c80       ??4?$Dar@PAVFocusChangeSignal@vgui@@@vgui@@QAEAAV01@ABV01@@Z 10001c80 f i ammo.obj
 0001:00000c80       ??4?$Dar@PAD@vgui@@QAEAAV01@ABV01@@Z 10001c80 f i ammo.obj
 0001:00000c80       ??4?$Dar@PAVChangeSignal@vgui@@@vgui@@QAEAAV01@ABV01@@Z 10001c80 f i ammo.obj
 0001:00000c80       ??4?$Dar@PAVIntChangeSignal@vgui@@@vgui@@QAEAAV01@ABV01@@Z 10001c80 f i ammo.obj
 0001:00000c80       ??4?$Dar@PAVLabel@vgui@@@vgui@@QAEAAV01@ABV01@@Z 10001c80 f i ammo.obj
 0001:00000c80       ??4?$Dar@D@vgui@@QAEAAV01@ABV01@@Z 10001c80 f i ammo.obj
 0001:00000c80       ??4?$Dar@H@vgui@@QAEAAV01@ABV01@@Z 10001c80 f i ammo.obj
 0001:00000c80       ??4?$Dar@PAVPanel@vgui@@@vgui@@QAEAAV01@ABV01@@Z 10001c80 f i ammo.obj
 0001:00000c80       ??4?$Dar@PAVButton@vgui@@@vgui@@QAEAAV01@ABV01@@Z 10001c80 f i ammo.obj
 0001:00000c80       ??4?$Dar@PAVInputSignal@vgui@@@vgui@@QAEAAV01@ABV01@@Z 10001c80 f i ammo.obj
 0001:00000c80       ??4?$Dar@PAVTickSignal@vgui@@@vgui@@QAEAAV01@ABV01@@Z 10001c80 f i ammo.obj
 0001:00000c80       ??4?$Dar@PAVActionSignal@vgui@@@vgui@@QAEAAV01@ABV01@@Z 10001c80 f i ammo.obj
 0001:00000c80       ??4?$Dar@PAVFrame@vgui@@@vgui@@QAEAAV01@ABV01@@Z 10001c80 f i ammo.obj
 0001:00000c80       ??4?$Dar@PAV?$Dar@D@vgui@@@vgui@@QAEAAV01@ABV01@@Z 10001c80 f i ammo.obj
 0001:00000c80       ??4?$Dar@PAVFrameSignal@vgui@@@vgui@@QAEAAV01@ABV01@@Z 10001c80 f i ammo.obj
 0001:00000c80       ??4?$Dar@PAVRepaintSignal@vgui@@@vgui@@QAEAAV01@ABV01@@Z 10001c80 f i ammo.obj
 0001:00000ca0       ??4App@vgui@@QAEAAV01@ABV01@@Z 10001ca0 f i ammo.obj
 0001:00000e30       ??4Bitmap@vgui@@QAEAAV01@ABV01@@Z 10001e30 f i ammo.obj
 0001:00000e30       ??4BitmapTGA@vgui@@QAEAAV01@ABV01@@Z 10001e30 f i ammo.obj
 0001:00000e90       ??4Border@vgui@@QAEAAV01@ABV01@@Z 10001e90 f i ammo.obj
 0001:00000f00       ??4Button@vgui@@QAEAAV01@ABV01@@Z 10001f00 f i ammo.obj
 0001:00000f90       ??4Color@vgui@@QAEAAV01@ABV01@@Z 10001f90 f i ammo.obj
 0001:00000fc0       ??4Cursor@vgui@@QAEAAV01@ABV01@@Z 10001fc0 f i ammo.obj
 0001:00000ff0       ??4DesktopIcon@vgui@@QAEAAV01@ABV01@@Z 10001ff0 f i ammo.obj
 0001:00001030       ??4Font@vgui@@QAEAAV01@ABV01@@Z 10002030 f i ammo.obj
 0001:00001050       ??4Frame@vgui@@QAEAAV01@ABV01@@Z 10002050 f i ammo.obj
 0001:00001180       ??4Image@vgui@@QAEAAV01@ABV01@@Z 10002180 f i ammo.obj
 0001:000011d0       ??4TextPanel@vgui@@QAEAAV01@ABV01@@Z 100021d0 f i ammo.obj
 0001:000011d0       ??4ImagePanel@vgui@@QAEAAV01@ABV01@@Z 100021d0 f i ammo.obj
 0001:00001200       ??4InputStream@vgui@@QAEAAV01@ABV01@@Z 10002200 f i ammo.obj
 0001:00001200       ??4ActionSignal@vgui@@QAEAAV01@ABV01@@Z 10002200 f i ammo.obj
 0001:00001200       ??4Layout@vgui@@QAEAAV01@ABV01@@Z 10002200 f i entity.obj
 0001:00001200       ??4InputSignal@vgui@@QAEAAV01@ABV01@@Z 10002200 f i ammo.obj
 0001:00001200       ??4IntChangeSignal@vgui@@QAEAAV01@ABV01@@Z 10002200 f i hud.obj
 0001:00001210       ??4Label@vgui@@QAEAAV01@ABV01@@Z 10002210 f i ammo.obj
 0001:00001280       ??4LineBorder@vgui@@QAEAAV01@ABV01@@Z 10002280 f i ammo.obj
 0001:000012c0       ??4FileInputStream@vgui@@QAEAAV01@ABV01@@Z 100022c0 f i ammo.obj
 0001:000012c0       ??4BorderLayout@vgui@@QAEAAV01@ABV01@@Z 100022c0 f i vgui_int.obj
 0001:000012c0       ??4MiniApp@vgui@@QAEAAV01@ABV01@@Z 100022c0 f i ammo.obj
 0001:000012e0       ??4Panel@vgui@@QAEAAV01@ABV01@@Z 100022e0 f i ammo.obj
 0001:000014b0       ??4Scheme@vgui@@QAEAAV01@ABV01@@Z 100024b0 f i ammo.obj
 0001:00001540       ??4ScrollPanel@vgui@@QAEAAV01@ABV01@@Z 10002540 f i ammo.obj
 0001:000015b0       ??4Slider@vgui@@QAEAAV01@ABV01@@Z 100025b0 f i ammo.obj
 0001:000015b0       ??4Slider2@vgui@@QAEAAV01@ABV01@@Z 100025b0 f i hud.obj
 0001:00001690       ??4String@vgui@@QAEAAV01@ABV01@@Z 10002690 f i ammo.obj
 0001:000016a0       ??A?$Dar@D@vgui@@QAEDH@Z   100026a0 f i ammo.obj
 0001:000016c0       ??A?$Dar@PAV?$Dar@D@vgui@@@vgui@@QAEPAV?$Dar@D@1@H@Z 100026c0 f i ammo.obj
 0001:000016c0       ??A?$Dar@PAVTickSignal@vgui@@@vgui@@QAEPAVTickSignal@1@H@Z 100026c0 f i ammo.obj
 0001:000016c0       ??A?$Dar@PAVFocusChangeSignal@vgui@@@vgui@@QAEPAVFocusChangeSignal@1@H@Z 100026c0 f i ammo.obj
 0001:000016c0       ??A?$Dar@PAVPanel@vgui@@@vgui@@QAEPAVPanel@1@H@Z 100026c0 f i ammo.obj
 0001:000016c0       ??A?$Dar@PAVRepaintSignal@vgui@@@vgui@@QAEPAVRepaintSignal@1@H@Z 100026c0 f i ammo.obj
 0001:000016c0       ??A?$Dar@PAVChangeSignal@vgui@@@vgui@@QAEPAVChangeSignal@1@H@Z 100026c0 f i ammo.obj
 0001:000016c0       ??A?$Dar@PAVButton@vgui@@@vgui@@QAEPAVButton@1@H@Z 100026c0 f i ammo.obj
 0001:000016c0       ??A?$Dar@PAVFrame@vgui@@@vgui@@QAEPAVFrame@1@H@Z 100026c0 f i ammo.obj
 0001:000016c0       ??A?$Dar@PAVSurfaceBase@vgui@@@vgui@@QAEPAVSurfaceBase@1@H@Z 100026c0 f i ammo.obj
 0001:000016c0       ??A?$Dar@PAD@vgui@@QAEPADH@Z 100026c0 f i ammo.obj
 0001:000016c0       ??A?$Dar@PAVDesktopIcon@vgui@@@vgui@@QAEPAVDesktopIcon@1@H@Z 100026c0 f i ammo.obj
 0001:000016c0       ??A?$Dar@PAVFrameSignal@vgui@@@vgui@@QAEPAVFrameSignal@1@H@Z 100026c0 f i ammo.obj
 0001:000016c0       ??A?$Dar@PAVLabel@vgui@@@vgui@@QAEPAVLabel@1@H@Z 100026c0 f i ammo.obj
 0001:000016c0       ??A?$Dar@PAVIntChangeSignal@vgui@@@vgui@@QAEPAVIntChangeSignal@1@H@Z 100026c0 f i ammo.obj
 0001:000016c0       ??A?$Dar@H@vgui@@QAEHH@Z   100026c0 f i ammo.obj
 0001:000016c0       ??A?$Dar@PAVInputSignal@vgui@@@vgui@@QAEPAVInputSignal@1@H@Z 100026c0 f i ammo.obj
 0001:000016c0       ??A?$Dar@PAVActionSignal@vgui@@@vgui@@QAEPAVActionSignal@1@H@Z 100026c0 f i ammo.obj
 0001:000016e0       ?CountAmmo@WeaponsResource@@QAEHH@Z 100026e0 f   ammo.obj
 0001:00001700       ?Draw@CHudAmmo@@UAEHM@Z    10002700 f   ammo.obj
 0001:00001a80       ?DrawAmmoBar@@YAXPAUWEAPON@@HHHH@Z 10002a80 f   ammo.obj
 0001:00001b30       ?DrawBar@@YAHHHHHM@Z       10002b30 f   ammo.obj
 0001:00001be0       ?DrawWList@CHudAmmo@@QAEHM@Z 10002be0 f   ammo.obj
 0001:00001f90       ?GetAmmoPicFromWeapon@WeaponsResource@@QAEPAHHAAUrect_s@@@Z 10002f90 f   ammo.obj
 0001:00002020       ?GetFirstPos@WeaponsResource@@QAEPAUWEAPON@@H@Z 10003020 f   ammo.obj
 0001:00002080       ?GetNextActivePos@WeaponsResource@@QAEPAUWEAPON@@HH@Z 10003080 f   ammo.obj
 0001:000020d0       ?GetSpriteList@@YAPAUclient_sprite_s@@PAU1@PBDHH@Z 100030d0 f   ammo.obj
 0001:00002140       ?HasAmmo@WeaponsResource@@QAEHPAUWEAPON@@@Z 10003140 f   ammo.obj
 0001:000021b0       ?Init@CHudAmmo@@UAEHXZ     100031b0 f   ammo.obj
 0001:00002390       ?LoadAllWeaponSprites@WeaponsResource@@QAEXXZ 10003390 f   ammo.obj
 0001:000023c0       ?LoadWeaponSprites@WeaponsResource@@QAEXPAUWEAPON@@@Z 100033c0 f   ammo.obj
 0001:00002910       ?MsgFunc_AmmoPickup@CHudAmmo@@QAEHPBDHPAX@Z 10003910 f   ammo.obj
 0001:00002950       ?MsgFunc_AmmoX@CHudAmmo@@QAEHPBDHPAX@Z 10003950 f   ammo.obj
 0001:00002990       ?MsgFunc_CurWeapon@CHudAmmo@@QAEHPBDHPAX@Z 10003990 f   ammo.obj
 0001:00002b70       ?MsgFunc_HideWeapon@CHudAmmo@@QAEHPBDHPAX@Z 10003b70 f   ammo.obj
 0001:00002c20       ?MsgFunc_ItemPickup@CHudAmmo@@QAEHPBDHPAX@Z 10003c20 f   ammo.obj
 0001:00002c50       ?MsgFunc_WeapPickup@CHudAmmo@@QAEHPBDHPAX@Z 10003c50 f   ammo.obj
 0001:00002c80       ?MsgFunc_WeaponList@CHudAmmo@@QAEHPBDHPAX@Z 10003c80 f   ammo.obj
 0001:00002d80       ?Reset@CHudAmmo@@UAEXXZ    10003d80 f   ammo.obj
 0001:00002de0       ?SelectSlot@WeaponsResource@@QAEXHHH@Z 10003de0 f   ammo.obj
 0001:00002f60       ?SlotInput@CHudAmmo@@QAEXH@Z 10003f60 f   ammo.obj
 0001:00002f90       ?Think@CHudAmmo@@UAEXXZ    10003f90 f   ammo.obj
 0001:00003080       ?UnpackRGB@@YAXAAH00K@Z    10004080 f i ammo.obj
 0001:000030b0       ?UserCmd_Close@CHudAmmo@@QAAXXZ 100040b0 f   ammo.obj
 0001:000030f0       ?UserCmd_NextWeapon@CHudAmmo@@QAAXXZ 100040f0 f   ammo.obj
 0001:000031c0       ?UserCmd_PrevWeapon@CHudAmmo@@QAAXXZ 100041c0 f   ammo.obj
 0001:000032b0       ?UserCmd_Slot10@CHudAmmo@@QAAXXZ 100042b0 f   ammo.obj
 0001:000032c0       ?UserCmd_Slot1@CHudAmmo@@QAAXXZ 100042c0 f   ammo.obj
 0001:000032d0       ?UserCmd_Slot2@CHudAmmo@@QAAXXZ 100042d0 f   ammo.obj
 0001:000032e0       ?UserCmd_Slot3@CHudAmmo@@QAAXXZ 100042e0 f   ammo.obj
 0001:000032f0       ?UserCmd_Slot4@CHudAmmo@@QAAXXZ 100042f0 f   ammo.obj
 0001:00003300       ?UserCmd_Slot5@CHudAmmo@@QAAXXZ 10004300 f   ammo.obj
 0001:00003310       ?UserCmd_Slot6@CHudAmmo@@QAAXXZ 10004310 f   ammo.obj
 0001:00003320       ?UserCmd_Slot7@CHudAmmo@@QAAXXZ 10004320 f   ammo.obj
 0001:00003330       ?UserCmd_Slot8@CHudAmmo@@QAAXXZ 10004330 f   ammo.obj
 0001:00003340       ?UserCmd_Slot9@CHudAmmo@@QAAXXZ 10004340 f   ammo.obj
 0001:00003350       ?VidInit@CHudAmmo@@UAEHXZ  10004350 f   ammo.obj
 0001:00003430       ?__CmdFunc_Close@@YAXXZ    10004430 f   ammo.obj
 0001:00003440       ?__CmdFunc_NextWeapon@@YAXXZ 10004440 f   ammo.obj
 0001:00003450       ?__CmdFunc_PrevWeapon@@YAXXZ 10004450 f   ammo.obj
 0001:00003460       ?__CmdFunc_Slot10@@YAXXZ   10004460 f   ammo.obj
 0001:00003470       ?__CmdFunc_Slot1@@YAXXZ    10004470 f   ammo.obj
 0001:00003480       ?__CmdFunc_Slot2@@YAXXZ    10004480 f   ammo.obj
 0001:00003490       ?__CmdFunc_Slot3@@YAXXZ    10004490 f   ammo.obj
 0001:000034a0       ?__CmdFunc_Slot4@@YAXXZ    100044a0 f   ammo.obj
 0001:000034b0       ?__CmdFunc_Slot5@@YAXXZ    100044b0 f   ammo.obj
 0001:000034c0       ?__CmdFunc_Slot6@@YAXXZ    100044c0 f   ammo.obj
 0001:000034d0       ?__CmdFunc_Slot7@@YAXXZ    100044d0 f   ammo.obj
 0001:000034e0       ?__CmdFunc_Slot8@@YAXXZ    100044e0 f   ammo.obj
 0001:000034f0       ?__CmdFunc_Slot9@@YAXXZ    100044f0 f   ammo.obj
 0001:00003500       ?__MsgFunc_AmmoPickup@@YAHPBDHPAX@Z 10004500 f   ammo.obj
 0001:00003520       ?__MsgFunc_AmmoX@@YAHPBDHPAX@Z 10004520 f   ammo.obj
 0001:00003540       ?__MsgFunc_CurWeapon@@YAHPBDHPAX@Z 10004540 f   ammo.obj
 0001:00003560       ?__MsgFunc_HideWeapon@@YAHPBDHPAX@Z 10004560 f   ammo.obj
 0001:00003580       ?__MsgFunc_ItemPickup@@YAHPBDHPAX@Z 10004580 f   ammo.obj
 0001:000035a0       ?__MsgFunc_WeapPickup@@YAHPBDHPAX@Z 100045a0 f   ammo.obj
 0001:000035c0       ?__MsgFunc_WeaponList@@YAHPBDHPAX@Z 100045c0 f   ammo.obj
 0001:000035e0       ?addElement@?$Dar@D@vgui@@QAEXD@Z 100045e0 f i ammo.obj
 0001:00003610       ?addElement@?$Dar@PAVButton@vgui@@@vgui@@QAEXPAVButton@2@@Z 10004610 f i ammo.obj
 0001:00003610       ?addElement@?$Dar@PAVTickSignal@vgui@@@vgui@@QAEXPAVTickSignal@2@@Z 10004610 f i ammo.obj
 0001:00003610       ?addElement@?$Dar@PAVFrame@vgui@@@vgui@@QAEXPAVFrame@2@@Z 10004610 f i ammo.obj
 0001:00003610       ?addElement@?$Dar@PAVIntChangeSignal@vgui@@@vgui@@QAEXPAVIntChangeSignal@2@@Z 10004610 f i ammo.obj
 0001:00003610       ?addElement@?$Dar@PAV?$Dar@D@vgui@@@vgui@@QAEXPAV?$Dar@D@2@@Z 10004610 f i ammo.obj
 0001:00003610       ?addElement@?$Dar@PAVRepaintSignal@vgui@@@vgui@@QAEXPAVRepaintSignal@2@@Z 10004610 f i ammo.obj
 0001:00003610       ?addElement@?$Dar@PAVSurfaceBase@vgui@@@vgui@@QAEXPAVSurfaceBase@2@@Z 10004610 f i ammo.obj
 0001:00003610       ?addElement@?$Dar@PAVChangeSignal@vgui@@@vgui@@QAEXPAVChangeSignal@2@@Z 10004610 f i ammo.obj
 0001:00003610       ?addElement@?$Dar@PAVInputSignal@vgui@@@vgui@@QAEXPAVInputSignal@2@@Z 10004610 f i ammo.obj
 0001:00003610       ?addElement@?$Dar@PAVFrameSignal@vgui@@@vgui@@QAEXPAVFrameSignal@2@@Z 10004610 f i ammo.obj
 0001:00003610       ?addElement@?$Dar@H@vgui@@QAEXH@Z 10004610 f i ammo.obj
 0001:00003610       ?addElement@?$Dar@PAVPanel@vgui@@@vgui@@QAEXPAVPanel@2@@Z 10004610 f i ammo.obj
 0001:00003610       ?addElement@?$Dar@PAVLabel@vgui@@@vgui@@QAEXPAVLabel@2@@Z 10004610 f i ammo.obj
 0001:00003610       ?addElement@?$Dar@PAVActionSignal@vgui@@@vgui@@QAEXPAVActionSignal@2@@Z 10004610 f i ammo.obj
 0001:00003610       ?addElement@?$Dar@PAVFocusChangeSignal@vgui@@@vgui@@QAEXPAVFocusChangeSignal@2@@Z 10004610 f i ammo.obj
 0001:00003610       ?addElement@?$Dar@PAD@vgui@@QAEXPAD@Z 10004610 f i ammo.obj
 0001:00003610       ?addElement@?$Dar@PAVDesktopIcon@vgui@@@vgui@@QAEXPAVDesktopIcon@2@@Z 10004610 f i ammo.obj
 0001:00003640       ?ensureCapacity@?$Dar@D@vgui@@QAEXH@Z 10004640 f i ammo.obj
 0001:000036c0       ?ensureCapacity@?$Dar@PAVFrame@vgui@@@vgui@@QAEXH@Z 100046c0 f i ammo.obj
 0001:000036c0       ?ensureCapacity@?$Dar@PAVFocusChangeSignal@vgui@@@vgui@@QAEXH@Z 100046c0 f i ammo.obj
 0001:000036c0       ?ensureCapacity@?$Dar@PAVIntChangeSignal@vgui@@@vgui@@QAEXH@Z 100046c0 f i ammo.obj
 0001:000036c0       ?ensureCapacity@?$Dar@PAVLabel@vgui@@@vgui@@QAEXH@Z 100046c0 f i ammo.obj
 0001:000036c0       ?ensureCapacity@?$Dar@PAVPanel@vgui@@@vgui@@QAEXH@Z 100046c0 f i ammo.obj
 0001:000036c0       ?ensureCapacity@?$Dar@PAVRepaintSignal@vgui@@@vgui@@QAEXH@Z 100046c0 f i ammo.obj
 0001:000036c0       ?ensureCapacity@?$Dar@PAVTickSignal@vgui@@@vgui@@QAEXH@Z 100046c0 f i ammo.obj
 0001:000036c0       ?ensureCapacity@?$Dar@PAVChangeSignal@vgui@@@vgui@@QAEXH@Z 100046c0 f i ammo.obj
 0001:000036c0       ?ensureCapacity@?$Dar@PAVFrameSignal@vgui@@@vgui@@QAEXH@Z 100046c0 f i ammo.obj
 0001:000036c0       ?ensureCapacity@?$Dar@H@vgui@@QAEXH@Z 100046c0 f i ammo.obj
 0001:000036c0       ?ensureCapacity@?$Dar@PAVActionSignal@vgui@@@vgui@@QAEXH@Z 100046c0 f i ammo.obj
 0001:000036c0       ?ensureCapacity@?$Dar@PAVButton@vgui@@@vgui@@QAEXH@Z 100046c0 f i ammo.obj
 0001:000036c0       ?ensureCapacity@?$Dar@PAVDesktopIcon@vgui@@@vgui@@QAEXH@Z 100046c0 f i ammo.obj
 0001:000036c0       ?ensureCapacity@?$Dar@PAD@vgui@@QAEXH@Z 100046c0 f i ammo.obj
 0001:000036c0       ?ensureCapacity@?$Dar@PAVSurfaceBase@vgui@@@vgui@@QAEXH@Z 100046c0 f i ammo.obj
 0001:000036c0       ?ensureCapacity@?$Dar@PAV?$Dar@D@vgui@@@vgui@@QAEXH@Z 100046c0 f i ammo.obj
 0001:000036c0       ?ensureCapacity@?$Dar@PAVInputSignal@vgui@@@vgui@@QAEXH@Z 100046c0 f i ammo.obj
 0001:00003760       ?getCount@?$Dar@PAVSurfaceBase@vgui@@@vgui@@QAEHXZ 10004760 f i ammo.obj
 0001:00003760       ?getCount@?$Dar@PAVPanel@vgui@@@vgui@@QAEHXZ 10004760 f i ammo.obj
 0001:00003760       ?getCount@?$Dar@PAD@vgui@@QAEHXZ 10004760 f i ammo.obj
 0001:00003760       ?getCount@?$Dar@PAVChangeSignal@vgui@@@vgui@@QAEHXZ 10004760 f i ammo.obj
 0001:00003760       ?getCount@?$Dar@PAVFrameSignal@vgui@@@vgui@@QAEHXZ 10004760 f i ammo.obj
 0001:00003760       ?getCount@?$Dar@PAVActionSignal@vgui@@@vgui@@QAEHXZ 10004760 f i ammo.obj
 0001:00003760       ?getCount@?$Dar@PAVFrame@vgui@@@vgui@@QAEHXZ 10004760 f i ammo.obj
 0001:00003760       ?getCount@?$Dar@PAVLabel@vgui@@@vgui@@QAEHXZ 10004760 f i ammo.obj
 0001:00003760       ?getCount@?$Dar@PAVInputSignal@vgui@@@vgui@@QAEHXZ 10004760 f i ammo.obj
 0001:00003760       ?getCount@?$Dar@PAVButton@vgui@@@vgui@@QAEHXZ 10004760 f i ammo.obj
 0001:00003760       ?getCount@?$Dar@PAV?$Dar@D@vgui@@@vgui@@QAEHXZ 10004760 f i ammo.obj
 0001:00003760       ?getCount@?$Dar@PAVIntChangeSignal@vgui@@@vgui@@QAEHXZ 10004760 f i ammo.obj
 0001:00003760       ?getCount@?$Dar@PAVTickSignal@vgui@@@vgui@@QAEHXZ 10004760 f i ammo.obj
 0001:00003760       ?getCount@?$Dar@PAVDesktopIcon@vgui@@@vgui@@QAEHXZ 10004760 f i ammo.obj
 0001:00003760       ?getCount@?$Dar@H@vgui@@QAEHXZ 10004760 f i ammo.obj
 0001:00003760       ?getCount@?$Dar@D@vgui@@QAEHXZ 10004760 f i ammo.obj
 0001:00003760       ?getCount@?$Dar@PAVRepaintSignal@vgui@@@vgui@@QAEHXZ 10004760 f i ammo.obj
 0001:00003760       ?getCount@?$Dar@PAVFocusChangeSignal@vgui@@@vgui@@QAEHXZ 10004760 f i ammo.obj
 0001:00003770       ?hasElement@?$Dar@D@vgui@@QAE_ND@Z 10004770 f i ammo.obj
 0001:000037a0       ?hasElement@?$Dar@PAV?$Dar@D@vgui@@@vgui@@QAE_NPAV?$Dar@D@2@@Z 100047a0 f i ammo.obj
 0001:000037a0       ?hasElement@?$Dar@PAVRepaintSignal@vgui@@@vgui@@QAE_NPAVRepaintSignal@2@@Z 100047a0 f i ammo.obj
 0001:000037a0       ?hasElement@?$Dar@PAVDesktopIcon@vgui@@@vgui@@QAE_NPAVDesktopIcon@2@@Z 100047a0 f i ammo.obj
 0001:000037a0       ?hasElement@?$Dar@PAVButton@vgui@@@vgui@@QAE_NPAVButton@2@@Z 100047a0 f i ammo.obj
 0001:000037a0       ?hasElement@?$Dar@PAVFrameSignal@vgui@@@vgui@@QAE_NPAVFrameSignal@2@@Z 100047a0 f i ammo.obj
 0001:000037a0       ?hasElement@?$Dar@PAVActionSignal@vgui@@@vgui@@QAE_NPAVActionSignal@2@@Z 100047a0 f i ammo.obj
 0001:000037a0       ?hasElement@?$Dar@PAVInputSignal@vgui@@@vgui@@QAE_NPAVInputSignal@2@@Z 100047a0 f i ammo.obj
 0001:000037a0       ?hasElement@?$Dar@PAD@vgui@@QAE_NPAD@Z 100047a0 f i ammo.obj
 0001:000037a0       ?hasElement@?$Dar@PAVChangeSignal@vgui@@@vgui@@QAE_NPAVChangeSignal@2@@Z 100047a0 f i ammo.obj
 0001:000037a0       ?hasElement@?$Dar@PAVIntChangeSignal@vgui@@@vgui@@QAE_NPAVIntChangeSignal@2@@Z 100047a0 f i ammo.obj
 0001:000037a0       ?hasElement@?$Dar@PAVLabel@vgui@@@vgui@@QAE_NPAVLabel@2@@Z 100047a0 f i ammo.obj
 0001:000037a0       ?hasElement@?$Dar@H@vgui@@QAE_NH@Z 100047a0 f i ammo.obj
 0001:000037a0       ?hasElement@?$Dar@PAVFrame@vgui@@@vgui@@QAE_NPAVFrame@2@@Z 100047a0 f i ammo.obj
 0001:000037a0       ?hasElement@?$Dar@PAVPanel@vgui@@@vgui@@QAE_NPAVPanel@2@@Z 100047a0 f i ammo.obj
 0001:000037a0       ?hasElement@?$Dar@PAVSurfaceBase@vgui@@@vgui@@QAE_NPAVSurfaceBase@2@@Z 100047a0 f i ammo.obj
 0001:000037a0       ?hasElement@?$Dar@PAVTickSignal@vgui@@@vgui@@QAE_NPAVTickSignal@2@@Z 100047a0 f i ammo.obj
 0001:000037a0       ?hasElement@?$Dar@PAVFocusChangeSignal@vgui@@@vgui@@QAE_NPAVFocusChangeSignal@2@@Z 100047a0 f i ammo.obj
 0001:000037d0       ?insertElementAt@?$Dar@D@vgui@@QAEXDH@Z 100047d0 f i ammo.obj
 0001:00003840       ?insertElementAt@?$Dar@PAVFrame@vgui@@@vgui@@QAEXPAVFrame@2@H@Z 10004840 f i ammo.obj
 0001:00003840       ?insertElementAt@?$Dar@PAVInputSignal@vgui@@@vgui@@QAEXPAVInputSignal@2@H@Z 10004840 f i ammo.obj
 0001:00003840       ?insertElementAt@?$Dar@PAVChangeSignal@vgui@@@vgui@@QAEXPAVChangeSignal@2@H@Z 10004840 f i ammo.obj
 0001:00003840       ?insertElementAt@?$Dar@PAVRepaintSignal@vgui@@@vgui@@QAEXPAVRepaintSignal@2@H@Z 10004840 f i ammo.obj
 0001:00003840       ?insertElementAt@?$Dar@PAVPanel@vgui@@@vgui@@QAEXPAVPanel@2@H@Z 10004840 f i ammo.obj
 0001:00003840       ?insertElementAt@?$Dar@PAVSurfaceBase@vgui@@@vgui@@QAEXPAVSurfaceBase@2@H@Z 10004840 f i ammo.obj
 0001:00003840       ?insertElementAt@?$Dar@PAVFrameSignal@vgui@@@vgui@@QAEXPAVFrameSignal@2@H@Z 10004840 f i ammo.obj
 0001:00003840       ?insertElementAt@?$Dar@PAV?$Dar@D@vgui@@@vgui@@QAEXPAV?$Dar@D@2@H@Z 10004840 f i ammo.obj
 0001:00003840       ?insertElementAt@?$Dar@PAVActionSignal@vgui@@@vgui@@QAEXPAVActionSignal@2@H@Z 10004840 f i ammo.obj
 0001:00003840       ?insertElementAt@?$Dar@PAVButton@vgui@@@vgui@@QAEXPAVButton@2@H@Z 10004840 f i ammo.obj
 0001:00003840       ?insertElementAt@?$Dar@PAVDesktopIcon@vgui@@@vgui@@QAEXPAVDesktopIcon@2@H@Z 10004840 f i ammo.obj
 0001:00003840       ?insertElementAt@?$Dar@PAVTickSignal@vgui@@@vgui@@QAEXPAVTickSignal@2@H@Z 10004840 f i ammo.obj
 0001:00003840       ?insertElementAt@?$Dar@PAVIntChangeSignal@vgui@@@vgui@@QAEXPAVIntChangeSignal@2@H@Z 10004840 f i ammo.obj
 0001:00003840       ?insertElementAt@?$Dar@H@vgui@@QAEXHH@Z 10004840 f i ammo.obj
 0001:00003840       ?insertElementAt@?$Dar@PAVLabel@vgui@@@vgui@@QAEXPAVLabel@2@H@Z 10004840 f i ammo.obj
 0001:00003840       ?insertElementAt@?$Dar@PAD@vgui@@QAEXPADH@Z 10004840 f i ammo.obj
 0001:00003840       ?insertElementAt@?$Dar@PAVFocusChangeSignal@vgui@@@vgui@@QAEXPAVFocusChangeSignal@2@H@Z 10004840 f i ammo.obj
 0001:000038b0       ?putElement@?$Dar@D@vgui@@QAEXD@Z 100048b0 f i ammo.obj
 0001:000038f0       ?putElement@?$Dar@PAVButton@vgui@@@vgui@@QAEXPAVButton@2@@Z 100048f0 f i ammo.obj
 0001:000038f0       ?putElement@?$Dar@PAVTickSignal@vgui@@@vgui@@QAEXPAVTickSignal@2@@Z 100048f0 f i ammo.obj
 0001:000038f0       ?putElement@?$Dar@PAVRepaintSignal@vgui@@@vgui@@QAEXPAVRepaintSignal@2@@Z 100048f0 f i ammo.obj
 0001:000038f0       ?putElement@?$Dar@PAVFrame@vgui@@@vgui@@QAEXPAVFrame@2@@Z 100048f0 f i ammo.obj
 0001:000038f0       ?putElement@?$Dar@PAVPanel@vgui@@@vgui@@QAEXPAVPanel@2@@Z 100048f0 f i ammo.obj
 0001:000038f0       ?putElement@?$Dar@PAVLabel@vgui@@@vgui@@QAEXPAVLabel@2@@Z 100048f0 f i ammo.obj
 0001:000038f0       ?putElement@?$Dar@PAVFrameSignal@vgui@@@vgui@@QAEXPAVFrameSignal@2@@Z 100048f0 f i ammo.obj
 0001:000038f0       ?putElement@?$Dar@PAVDesktopIcon@vgui@@@vgui@@QAEXPAVDesktopIcon@2@@Z 100048f0 f i ammo.obj
 0001:000038f0       ?putElement@?$Dar@PAVActionSignal@vgui@@@vgui@@QAEXPAVActionSignal@2@@Z 100048f0 f i ammo.obj
 0001:000038f0       ?putElement@?$Dar@PAVSurfaceBase@vgui@@@vgui@@QAEXPAVSurfaceBase@2@@Z 100048f0 f i ammo.obj
 0001:000038f0       ?putElement@?$Dar@PAVChangeSignal@vgui@@@vgui@@QAEXPAVChangeSignal@2@@Z 100048f0 f i ammo.obj
 0001:000038f0       ?putElement@?$Dar@PAVInputSignal@vgui@@@vgui@@QAEXPAVInputSignal@2@@Z 100048f0 f i ammo.obj
 0001:000038f0       ?putElement@?$Dar@PAV?$Dar@D@vgui@@@vgui@@QAEXPAV?$Dar@D@2@@Z 100048f0 f i ammo.obj
 0001:000038f0       ?putElement@?$Dar@PAVIntChangeSignal@vgui@@@vgui@@QAEXPAVIntChangeSignal@2@@Z 100048f0 f i ammo.obj
 0001:000038f0       ?putElement@?$Dar@H@vgui@@QAEXH@Z 100048f0 f i ammo.obj
 0001:000038f0       ?putElement@?$Dar@PAVFocusChangeSignal@vgui@@@vgui@@QAEXPAVFocusChangeSignal@2@@Z 100048f0 f i ammo.obj
 0001:000038f0       ?putElement@?$Dar@PAD@vgui@@QAEXPAD@Z 100048f0 f i ammo.obj
 0001:00003930       ?removeAll@?$Dar@PAVDesktopIcon@vgui@@@vgui@@QAEXXZ 10004930 f i ammo.obj
 0001:00003930       ?removeAll@?$Dar@D@vgui@@QAEXXZ 10004930 f i ammo.obj
 0001:00003930       ?removeAll@?$Dar@PAVRepaintSignal@vgui@@@vgui@@QAEXXZ 10004930 f i ammo.obj
 0001:00003930       ?removeAll@?$Dar@PAVInputSignal@vgui@@@vgui@@QAEXXZ 10004930 f i ammo.obj
 0001:00003930       ?removeAll@?$Dar@PAVChangeSignal@vgui@@@vgui@@QAEXXZ 10004930 f i ammo.obj
 0001:00003930       ?removeAll@?$Dar@H@vgui@@QAEXXZ 10004930 f i ammo.obj
 0001:00003930       ?removeAll@?$Dar@PAVLabel@vgui@@@vgui@@QAEXXZ 10004930 f i ammo.obj
 0001:00003930       ?removeAll@?$Dar@PAVButton@vgui@@@vgui@@QAEXXZ 10004930 f i ammo.obj
 0001:00003930       ?removeAll@?$Dar@PAVTickSignal@vgui@@@vgui@@QAEXXZ 10004930 f i ammo.obj
 0001:00003930       ?removeAll@?$Dar@PAVFrameSignal@vgui@@@vgui@@QAEXXZ 10004930 f i ammo.obj
 0001:00003930       ?removeAll@?$Dar@PAVPanel@vgui@@@vgui@@QAEXXZ 10004930 f i ammo.obj
 0001:00003930       ?removeAll@?$Dar@PAVFrame@vgui@@@vgui@@QAEXXZ 10004930 f i ammo.obj
 0001:00003930       ?removeAll@?$Dar@PAVActionSignal@vgui@@@vgui@@QAEXXZ 10004930 f i ammo.obj
 0001:00003930       ?removeAll@?$Dar@PAVSurfaceBase@vgui@@@vgui@@QAEXXZ 10004930 f i ammo.obj
 0001:00003930       ?removeAll@?$Dar@PAV?$Dar@D@vgui@@@vgui@@QAEXXZ 10004930 f i ammo.obj
 0001:00003930       ?removeAll@?$Dar@PAD@vgui@@QAEXXZ 10004930 f i ammo.obj
 0001:00003930       ?removeAll@?$Dar@PAVFocusChangeSignal@vgui@@@vgui@@QAEXXZ 10004930 f i ammo.obj
 0001:00003930       ?removeAll@?$Dar@PAVIntChangeSignal@vgui@@@vgui@@QAEXXZ 10004930 f i ammo.obj
 0001:00003940       ?removeElement@?$Dar@D@vgui@@QAEXD@Z 10004940 f i ammo.obj
 0001:00003990       ?removeElement@?$Dar@PAVIntChangeSignal@vgui@@@vgui@@QAEXPAVIntChangeSignal@2@@Z 10004990 f i ammo.obj
 0001:00003990       ?removeElement@?$Dar@PAVSurfaceBase@vgui@@@vgui@@QAEXPAVSurfaceBase@2@@Z 10004990 f i ammo.obj
 0001:00003990       ?removeElement@?$Dar@PAVInputSignal@vgui@@@vgui@@QAEXPAVInputSignal@2@@Z 10004990 f i ammo.obj
 0001:00003990       ?removeElement@?$Dar@PAD@vgui@@QAEXPAD@Z 10004990 f i ammo.obj
 0001:00003990       ?removeElement@?$Dar@PAVDesktopIcon@vgui@@@vgui@@QAEXPAVDesktopIcon@2@@Z 10004990 f i ammo.obj
 0001:00003990       ?removeElement@?$Dar@PAVButton@vgui@@@vgui@@QAEXPAVButton@2@@Z 10004990 f i ammo.obj
 0001:00003990       ?removeElement@?$Dar@PAVActionSignal@vgui@@@vgui@@QAEXPAVActionSignal@2@@Z 10004990 f i ammo.obj
 0001:00003990       ?removeElement@?$Dar@PAV?$Dar@D@vgui@@@vgui@@QAEXPAV?$Dar@D@2@@Z 10004990 f i ammo.obj
 0001:00003990       ?removeElement@?$Dar@H@vgui@@QAEXH@Z 10004990 f i ammo.obj
 0001:00003990       ?removeElement@?$Dar@PAVLabel@vgui@@@vgui@@QAEXPAVLabel@2@@Z 10004990 f i ammo.obj
 0001:00003990       ?removeElement@?$Dar@PAVTickSignal@vgui@@@vgui@@QAEXPAVTickSignal@2@@Z 10004990 f i ammo.obj
 0001:00003990       ?removeElement@?$Dar@PAVPanel@vgui@@@vgui@@QAEXPAVPanel@2@@Z 10004990 f i ammo.obj
 0001:00003990       ?removeElement@?$Dar@PAVFrame@vgui@@@vgui@@QAEXPAVFrame@2@@Z 10004990 f i ammo.obj
 0001:00003990       ?removeElement@?$Dar@PAVFrameSignal@vgui@@@vgui@@QAEXPAVFrameSignal@2@@Z 10004990 f i ammo.obj
 0001:00003990       ?removeElement@?$Dar@PAVChangeSignal@vgui@@@vgui@@QAEXPAVChangeSignal@2@@Z 10004990 f i ammo.obj
 0001:00003990       ?removeElement@?$Dar@PAVFocusChangeSignal@vgui@@@vgui@@QAEXPAVFocusChangeSignal@2@@Z 10004990 f i ammo.obj
 0001:00003990       ?removeElement@?$Dar@PAVRepaintSignal@vgui@@@vgui@@QAEXPAVRepaintSignal@2@@Z 10004990 f i ammo.obj
 0001:000039e0       ?removeElementAt@?$Dar@D@vgui@@QAEXH@Z 100049e0 f i ammo.obj
 0001:00003a20       ?removeElementAt@?$Dar@PAVInputSignal@vgui@@@vgui@@QAEXH@Z 10004a20 f i ammo.obj
 0001:00003a20       ?removeElementAt@?$Dar@PAVIntChangeSignal@vgui@@@vgui@@QAEXH@Z 10004a20 f i ammo.obj
 0001:00003a20       ?removeElementAt@?$Dar@PAVTickSignal@vgui@@@vgui@@QAEXH@Z 10004a20 f i ammo.obj
 0001:00003a20       ?removeElementAt@?$Dar@PAVActionSignal@vgui@@@vgui@@QAEXH@Z 10004a20 f i ammo.obj
 0001:00003a20       ?removeElementAt@?$Dar@PAVButton@vgui@@@vgui@@QAEXH@Z 10004a20 f i ammo.obj
 0001:00003a20       ?removeElementAt@?$Dar@PAVFrameSignal@vgui@@@vgui@@QAEXH@Z 10004a20 f i ammo.obj
 0001:00003a20       ?removeElementAt@?$Dar@PAVPanel@vgui@@@vgui@@QAEXH@Z 10004a20 f i ammo.obj
 0001:00003a20       ?removeElementAt@?$Dar@PAVRepaintSignal@vgui@@@vgui@@QAEXH@Z 10004a20 f i ammo.obj
 0001:00003a20       ?removeElementAt@?$Dar@PAVLabel@vgui@@@vgui@@QAEXH@Z 10004a20 f i ammo.obj
 0001:00003a20       ?removeElementAt@?$Dar@PAVChangeSignal@vgui@@@vgui@@QAEXH@Z 10004a20 f i ammo.obj
 0001:00003a20       ?removeElementAt@?$Dar@H@vgui@@QAEXH@Z 10004a20 f i ammo.obj
 0001:00003a20       ?removeElementAt@?$Dar@PAD@vgui@@QAEXH@Z 10004a20 f i ammo.obj
 0001:00003a20       ?removeElementAt@?$Dar@PAVFocusChangeSignal@vgui@@@vgui@@QAEXH@Z 10004a20 f i ammo.obj
 0001:00003a20       ?removeElementAt@?$Dar@PAVFrame@vgui@@@vgui@@QAEXH@Z 10004a20 f i ammo.obj
 0001:00003a20       ?removeElementAt@?$Dar@PAV?$Dar@D@vgui@@@vgui@@QAEXH@Z 10004a20 f i ammo.obj
 0001:00003a20       ?removeElementAt@?$Dar@PAVSurfaceBase@vgui@@@vgui@@QAEXH@Z 10004a20 f i ammo.obj
 0001:00003a20       ?removeElementAt@?$Dar@PAVDesktopIcon@vgui@@@vgui@@QAEXH@Z 10004a20 f i ammo.obj
 0001:00003a60       ?setCount@?$Dar@PAVLabel@vgui@@@vgui@@QAEXH@Z 10004a60 f i ammo.obj
 0001:00003a60       ?setCount@?$Dar@PAVButton@vgui@@@vgui@@QAEXH@Z 10004a60 f i ammo.obj
 0001:00003a60       ?setCount@?$Dar@PAVInputSignal@vgui@@@vgui@@QAEXH@Z 10004a60 f i ammo.obj
 0001:00003a60       ?setCount@?$Dar@PAVTickSignal@vgui@@@vgui@@QAEXH@Z 10004a60 f i ammo.obj
 0001:00003a60       ?setCount@?$Dar@PAVFrame@vgui@@@vgui@@QAEXH@Z 10004a60 f i ammo.obj
 0001:00003a60       ?setCount@?$Dar@PAV?$Dar@D@vgui@@@vgui@@QAEXH@Z 10004a60 f i ammo.obj
 0001:00003a60       ?setCount@?$Dar@PAVDesktopIcon@vgui@@@vgui@@QAEXH@Z 10004a60 f i ammo.obj
 0001:00003a60       ?setCount@?$Dar@PAVFrameSignal@vgui@@@vgui@@QAEXH@Z 10004a60 f i ammo.obj
 0001:00003a60       ?setCount@?$Dar@PAVActionSignal@vgui@@@vgui@@QAEXH@Z 10004a60 f i ammo.obj
 0001:00003a60       ?setCount@?$Dar@PAVSurfaceBase@vgui@@@vgui@@QAEXH@Z 10004a60 f i ammo.obj
 0001:00003a60       ?setCount@?$Dar@PAVPanel@vgui@@@vgui@@QAEXH@Z 10004a60 f i ammo.obj
 0001:00003a60       ?setCount@?$Dar@PAD@vgui@@QAEXH@Z 10004a60 f i ammo.obj
 0001:00003a60       ?setCount@?$Dar@PAVChangeSignal@vgui@@@vgui@@QAEXH@Z 10004a60 f i ammo.obj
 0001:00003a60       ?setCount@?$Dar@PAVIntChangeSignal@vgui@@@vgui@@QAEXH@Z 10004a60 f i ammo.obj
 0001:00003a60       ?setCount@?$Dar@PAVFocusChangeSignal@vgui@@@vgui@@QAEXH@Z 10004a60 f i ammo.obj
 0001:00003a60       ?setCount@?$Dar@PAVRepaintSignal@vgui@@@vgui@@QAEXH@Z 10004a60 f i ammo.obj
 0001:00003a60       ?setCount@?$Dar@H@vgui@@QAEXH@Z 10004a60 f i ammo.obj
 0001:00003a60       ?setCount@?$Dar@D@vgui@@QAEXH@Z 10004a60 f i ammo.obj
 0001:00003a80       ?setElementAt@?$Dar@D@vgui@@QAEXDH@Z 10004a80 f i ammo.obj
 0001:00003aa0       ?setElementAt@?$Dar@PAVInputSignal@vgui@@@vgui@@QAEXPAVInputSignal@2@H@Z 10004aa0 f i ammo.obj
 0001:00003aa0       ?setElementAt@?$Dar@PAVButton@vgui@@@vgui@@QAEXPAVButton@2@H@Z 10004aa0 f i ammo.obj
 0001:00003aa0       ?setElementAt@?$Dar@PAV?$Dar@D@vgui@@@vgui@@QAEXPAV?$Dar@D@2@H@Z 10004aa0 f i ammo.obj
 0001:00003aa0       ?setElementAt@?$Dar@PAVPanel@vgui@@@vgui@@QAEXPAVPanel@2@H@Z 10004aa0 f i ammo.obj
 0001:00003aa0       ?setElementAt@?$Dar@H@vgui@@QAEXHH@Z 10004aa0 f i ammo.obj
 0001:00003aa0       ?setElementAt@?$Dar@PAVLabel@vgui@@@vgui@@QAEXPAVLabel@2@H@Z 10004aa0 f i ammo.obj
 0001:00003aa0       ?setElementAt@?$Dar@PAVIntChangeSignal@vgui@@@vgui@@QAEXPAVIntChangeSignal@2@H@Z 10004aa0 f i ammo.obj
 0001:00003aa0       ?setElementAt@?$Dar@PAVFrameSignal@vgui@@@vgui@@QAEXPAVFrameSignal@2@H@Z 10004aa0 f i ammo.obj
 0001:00003aa0       ?setElementAt@?$Dar@PAVActionSignal@vgui@@@vgui@@QAEXPAVActionSignal@2@H@Z 10004aa0 f i ammo.obj
 0001:00003aa0       ?setElementAt@?$Dar@PAD@vgui@@QAEXPADH@Z 10004aa0 f i ammo.obj
 0001:00003aa0       ?setElementAt@?$Dar@PAVChangeSignal@vgui@@@vgui@@QAEXPAVChangeSignal@2@H@Z 10004aa0 f i ammo.obj
 0001:00003aa0       ?setElementAt@?$Dar@PAVTickSignal@vgui@@@vgui@@QAEXPAVTickSignal@2@H@Z 10004aa0 f i ammo.obj
 0001:00003aa0       ?setElementAt@?$Dar@PAVSurfaceBase@vgui@@@vgui@@QAEXPAVSurfaceBase@2@H@Z 10004aa0 f i ammo.obj
 0001:00003aa0       ?setElementAt@?$Dar@PAVRepaintSignal@vgui@@@vgui@@QAEXPAVRepaintSignal@2@H@Z 10004aa0 f i ammo.obj
 0001:00003aa0       ?setElementAt@?$Dar@PAVFrame@vgui@@@vgui@@QAEXPAVFrame@2@H@Z 10004aa0 f i ammo.obj
 0001:00003aa0       ?setElementAt@?$Dar@PAVDesktopIcon@vgui@@@vgui@@QAEXPAVDesktopIcon@2@H@Z 10004aa0 f i ammo.obj
 0001:00003aa0       ?setElementAt@?$Dar@PAVFocusChangeSignal@vgui@@@vgui@@QAEXPAVFocusChangeSignal@2@H@Z 10004aa0 f i ammo.obj
 0001:00003ac0       ?setLineColor@LineBorder@vgui@@QAEXHHHH@Z 10004ac0 f i ammo.obj
 0001:00003b30       ?Draw@CHudAmmoSecondary@@UAEHM@Z 10004b30 f   ammo_secondary.obj
 0001:00003d10       ?Init@CHudAmmoSecondary@@UAEHXZ 10004d10 f   ammo_secondary.obj
 0001:00003d80       ?MsgFunc_SecAmmoIcon@CHudAmmoSecondary@@QAEHPBDHPAX@Z 10004d80 f   ammo_secondary.obj
 0001:00003dc0       ?MsgFunc_SecAmmoVal@CHudAmmoSecondary@@QAEHPBDHPAX@Z 10004dc0 f   ammo_secondary.obj
 0001:00003e50       ?Reset@CHudAmmoSecondary@@UAEXXZ 10004e50 f   ammo_secondary.obj
 0001:00003e60       ?__MsgFunc_SecAmmoIcon@@YAHPBDHPAX@Z 10004e60 f   ammo_secondary.obj
 0001:00003e80       ?__MsgFunc_SecAmmoVal@@YAHPBDHPAX@Z 10004e80 f   ammo_secondary.obj
 0001:00003ea0       ?AddToHistory@HistoryResource@@QAEXHHH@Z 10004ea0 f   ammohistory.obj
 0001:00003f50       ?AddToHistory@HistoryResource@@QAEXHPBDH@Z 10004f50 f   ammohistory.obj
 0001:00004000       ?CheckClearHistory@HistoryResource@@QAEXXZ 10005000 f   ammohistory.obj
 0001:00004020       ?DrawAmmoHistory@HistoryResource@@QAEHM@Z 10005020 f   ammohistory.obj
 0001:00004380       ?Draw@CHudBattery@@UAEHM@Z 10005380 f   battery.obj
 0001:000045e0       ?Init@CHudBattery@@UAEHXZ  100055e0 f   battery.obj
 0001:00004620       ?MsgFunc_Battery@CHudBattery@@QAEHPBDHPAX@Z 10005620 f   battery.obj
 0001:00004660       ?VidInit@CHudBattery@@UAEHXZ 10005660 f   battery.obj
 0001:000046d0       ?__MsgFunc_Battery@@YAHPBDHPAX@Z 100056d0 f   battery.obj
 0001:000046f0       ??0CHud@@QAE@XZ            100056f0 f i cdll_int.obj
 0001:000047a0       ??1CHudBase@@UAE@XZ        100057a0 f i cdll_int.obj
 0001:000047a0       ??1CHudStatusIcons@@UAE@XZ 100057a0 f i cdll_int.obj
 0001:000047a0       ??1CHudTrain@@UAE@XZ       100057a0 f i cdll_int.obj
 0001:000047a0       ??1CHudSayText@@UAE@XZ     100057a0 f i cdll_int.obj
 0001:000047a0       ??1CHudHealth@@UAE@XZ      100057a0 f i cdll_int.obj
 0001:000047a0       ??1CHudFlashlight@@UAE@XZ  100057a0 f i cdll_int.obj
 0001:000047a0       ??1CHudAmmo@@UAE@XZ        100057a0 f i cdll_int.obj
 0001:000047a0       ??1CHudGeiger@@UAE@XZ      100057a0 f i cdll_int.obj
 0001:000047a0       ??1CHudAmmoSecondary@@UAE@XZ 100057a0 f i cdll_int.obj
 0001:000047a0       ??1CHudMessage@@UAE@XZ     100057a0 f i cdll_int.obj
 0001:000047a0       ??1CHudTextMessage@@UAE@XZ 100057a0 f i cdll_int.obj
 0001:000047a0       ??1CHudMenu@@UAE@XZ        100057a0 f i cdll_int.obj
 0001:000047a0       ??1CHudDeathNotice@@UAE@XZ 100057a0 f i cdll_int.obj
 0001:000047a0       ??1CHudStatusBar@@UAE@XZ   100057a0 f i cdll_int.obj
 0001:000047a0       ??1CHudSpectator@@UAE@XZ   100057a0 f i cdll_int.obj
 0001:000047a0       ??1CHudBattery@@UAE@XZ     100057a0 f i cdll_int.obj
 0001:000047b0       ??_GCHudTrain@@UAEPAXI@Z   100057b0 f i cdll_int.obj
 0001:000047b0       ??_ECHudStatusBar@@UAEPAXI@Z 100057b0 f i cdll_int.obj
 0001:000047b0       ??_ECHudBattery@@UAEPAXI@Z 100057b0 f i cdll_int.obj
 0001:000047b0       ??_ECHudTextMessage@@UAEPAXI@Z 100057b0 f i cdll_int.obj
 0001:000047b0       ??_ECHudGeiger@@UAEPAXI@Z  100057b0 f i cdll_int.obj
 0001:000047b0       ??_GCHudMessage@@UAEPAXI@Z 100057b0 f i cdll_int.obj
 0001:000047b0       ??_ECHudTrain@@UAEPAXI@Z   100057b0 f i cdll_int.obj
 0001:000047b0       ??_GCHudGeiger@@UAEPAXI@Z  100057b0 f i cdll_int.obj
 0001:000047b0       ??_GCHudBattery@@UAEPAXI@Z 100057b0 f i cdll_int.obj
 0001:000047b0       ??_GCHudSayText@@UAEPAXI@Z 100057b0 f i cdll_int.obj
 0001:000047b0       ??_ECHudAmmo@@UAEPAXI@Z    100057b0 f i cdll_int.obj
 0001:000047b0       ??_GCHudDeathNotice@@UAEPAXI@Z 100057b0 f i cdll_int.obj
 0001:000047b0       ??_ECHudBase@@UAEPAXI@Z    100057b0 f i cdll_int.obj
 0001:000047b0       ??_ECHudStatusIcons@@UAEPAXI@Z 100057b0 f i cdll_int.obj
 0001:000047b0       ??_ECHudMessage@@UAEPAXI@Z 100057b0 f i cdll_int.obj
 0001:000047b0       ??_GCHudAmmoSecondary@@UAEPAXI@Z 100057b0 f i cdll_int.obj
 0001:000047b0       ??_GCHudSpectator@@UAEPAXI@Z 100057b0 f i cdll_int.obj
 0001:000047b0       ??_ECHudSpectator@@UAEPAXI@Z 100057b0 f i cdll_int.obj
 0001:000047b0       ??_ECHudDeathNotice@@UAEPAXI@Z 100057b0 f i cdll_int.obj
 0001:000047b0       ??_GCHudStatusIcons@@UAEPAXI@Z 100057b0 f i cdll_int.obj
 0001:000047b0       ??_ECHudMenu@@UAEPAXI@Z    100057b0 f i cdll_int.obj
 0001:000047b0       ??_GCHudTextMessage@@UAEPAXI@Z 100057b0 f i cdll_int.obj
 0001:000047b0       ??_GCHudFlashlight@@UAEPAXI@Z 100057b0 f i cdll_int.obj
 0001:000047b0       ??_GCHudBase@@UAEPAXI@Z    100057b0 f i cdll_int.obj
 0001:000047b0       ??_GCHudHealth@@UAEPAXI@Z  100057b0 f i cdll_int.obj
 0001:000047b0       ??_GCHudStatusBar@@UAEPAXI@Z 100057b0 f i cdll_int.obj
 0001:000047b0       ??_ECHudFlashlight@@UAEPAXI@Z 100057b0 f i cdll_int.obj
 0001:000047b0       ??_ECHudHealth@@UAEPAXI@Z  100057b0 f i cdll_int.obj
 0001:000047b0       ??_GCHudAmmo@@UAEPAXI@Z    100057b0 f i cdll_int.obj
 0001:000047b0       ??_ECHudAmmoSecondary@@UAEPAXI@Z 100057b0 f i cdll_int.obj
 0001:000047b0       ??_ECHudSayText@@UAEPAXI@Z 100057b0 f i cdll_int.obj
 0001:000047b0       ??_GCHudMenu@@UAEPAXI@Z    100057b0 f i cdll_int.obj
 0001:000047e0       _HUD_ConnectionlessPacket  100057e0 f   cdll_int.obj
 0001:000047f0       _HUD_DirectorMessage       100057f0 f   cdll_int.obj
 0001:00004810       _HUD_Frame                 10005810 f   cdll_int.obj
 0001:00004840       _HUD_GetHullBounds         10005840 f   cdll_int.obj
 0001:00004860       _HUD_Init                  10005860 f   cdll_int.obj
 0001:00004880       _HUD_PlayerMove            10005880 f   cdll_int.obj
 0001:00004890       _HUD_PlayerMoveInit        10005890 f   cdll_int.obj
 0001:000048a0       _HUD_PlayerMoveTexture     100058a0 f   cdll_int.obj
 0001:000048b0       _HUD_Redraw                100058b0 f   cdll_int.obj
 0001:000048e0       _HUD_Reset                 100058e0 f   cdll_int.obj
 0001:000048f0       _HUD_UpdateClientData      100058f0 f   cdll_int.obj
 0001:00004920       _HUD_VidInit               10005920 f   cdll_int.obj
 0001:00004940       _HUD_VoiceStatus           10005940 f   cdll_int.obj
 0001:00004960       _Initialize                10005960 f   cdll_int.obj
 0001:000049a0       ?HUD_GetWeaponAnim@@YAHXZ  100059a0 f   com_weapons.obj
 0001:000049b0       ?HUD_PlaySound@@YAXPADM@Z  100059b0 f   com_weapons.obj
 0001:000049f0       ?HUD_PlaybackEvent@@YAXHPBUedict_s@@GMPAM1MMHHHH@Z 100059f0 f   com_weapons.obj
 0001:00004a80       ?HUD_SendWeaponAnim@@YAXHHH@Z 10005a80 f   com_weapons.obj
 0001:00004ab0       ?UTIL_SharedRandomFloat@@YAMIMM@Z 10005ab0 f   com_weapons.obj
 0001:00004b60       ?GetDelay@CBaseEntity@@UAEMXZ 10005b60 f   crossbow.obj
 0001:00004b60       ?UTIL_WeaponTimeBase@@YAMXZ 10005b60 f   com_weapons.obj
 0001:00004b70       ?U_Random@@YAIXZ           10005b70 f   com_weapons.obj
 0001:00004ba0       ?U_Srand@@YAXI@Z           10005ba0 f   com_weapons.obj
 0001:00004bc0       ?stub_NameForFunction@@YAPBDK@Z 10005bc0 f   com_weapons.obj
 0001:00004bd0       ?Draw@CHudDeathNotice@@UAEHM@Z 10005bd0 f   death.obj
 0001:00004f00       ?GetClientColor@@YAPAMH@Z  10005f00 f   death.obj
 0001:00004f60       ?Init@CHudDeathNotice@@UAEHXZ 10005f60 f   death.obj
 0001:00004fa0       ?InitHUDData@CHudDeathNotice@@UAEXXZ 10005fa0 f   death.obj
 0001:00004fc0       ?MsgFunc_DeathMsg@CHudDeathNotice@@QAEHPBDHPAX@Z 10005fc0 f   death.obj
 0001:000053e0       ?VidInit@CHudDeathNotice@@UAEHXZ 100063e0 f   death.obj
 0001:00005400       ?__MsgFunc_DeathMsg@@YAHPBDHPAX@Z 10006400 f   death.obj
 0001:00005420       ?Demo_WriteBuffer@@YAXHHPAE@Z 10006420 f   demo.obj
 0001:00005480       _Demo_ReadBuffer           10006480 f   demo.obj
 0001:00005520       ??0Layout@vgui@@QAE@ABV01@@Z 10006520 f i entity.obj
 0001:00005530       ??0StackLayout@vgui@@QAE@ABV01@@Z 10006530 f i entity.obj
 0001:00005550       ??0TextImage@vgui@@QAE@ABV01@@Z 10006550 f i entity.obj
 0001:000055d0       ??4StackLayout@vgui@@QAEAAV01@ABV01@@Z 100065d0 f i entity.obj
 0001:000055f0       ??4TextImage@vgui@@QAEAAV01@ABV01@@Z 100065f0 f i entity.obj
 0001:00005680       ?ChatSpam@@YAXPAD@Z        10006680 f   entity.obj
 0001:000056a0       ?DrawLightning@@YAXPAUcl_entity_s@@H@Z 100066a0 f   entity.obj
 0001:00005860       ?MakeAlpha@@YAXPAUcl_entity_s@@@Z 10006860 f   entity.obj
 0001:000058e0       ?NameChanger@@YAX_N@Z      100068e0 f   entity.obj
 0001:00005960       ?RemoveHitboxes@@YAXPAUcl_entity_s@@@Z 10006960 f   entity.obj
 0001:00005a80       _HUD_AddEntity             10006a80 f   entity.obj
 0001:00006120       _HUD_CreateEntities        10007120 f   entity.obj
 0001:00006140       _HUD_ProcessPlayerState    10007140 f   entity.obj
 0001:000064f0       _HUD_StudioEvent           100074f0 f   entity.obj
 0001:00006640       _HUD_TempEntUpdate         10007640 f   entity.obj
 0001:000070c0       _HUD_TxferLocalOverrides   100080c0 f   entity.obj
 0001:000071e0       _HUD_TxferPredictionData   100081e0 f   entity.obj
 0001:00007520       ?EV_CreateTracer@@YAXPAM0@Z 10008520 f   ev_common.obj
 0001:00007540       ?EV_EjectBrass@@YAXPAM0MHH@Z 10008540 f   ev_common.obj
 0001:00007590       ?EV_GetDefaultShellInfo@@YAXPAUevent_args_s@@PAM111111MMM@Z 10008590 f   ev_common.obj
 0001:00007790       ?EV_GetGunPosition@@YAXPAUevent_args_s@@PAM1@Z 10008790 f   ev_common.obj
 0001:00007850       ?EV_IsLocal@@YAHH@Z        10008850 f   ev_common.obj
 0001:000078b0       ?EV_IsPlayer@@YAHH@Z       100088b0 f   ev_common.obj
 0001:000078d0       ?EV_MuzzleFlash@@YAXXZ     100088d0 f   ev_common.obj
 0001:000078f0       ?GetViewEntity@@YAPAUcl_entity_s@@XZ 100088f0 f   ev_common.obj
 0001:00007900       ?EV_HookEvents@@YAXXZ      10008900 f   events.obj
 0001:00007910       ?Draw@CHudFlashlight@@UAEHM@Z 10008910 f   flashlight.obj
 0001:00007ac0       ?Init@CHudFlashlight@@UAEHXZ 10008ac0 f   flashlight.obj
 0001:00007b10       ?MsgFunc_FlashBat@CHudFlashlight@@QAEHPBDHPAX@Z 10008b10 f   flashlight.obj
 0001:00007b60       ?MsgFunc_Flashlight@CHudFlashlight@@QAEHPBDHPAX@Z 10008b60 f   flashlight.obj
 0001:00007bb0       ?Reset@CHudFlashlight@@UAEXXZ 10008bb0 f   flashlight.obj
 0001:00007bc0       ?VidInit@CHudFlashlight@@UAEHXZ 10008bc0 f   flashlight.obj
 0001:00007c70       ?__MsgFunc_FlashBat@@YAHPBDHPAX@Z 10008c70 f   flashlight.obj
 0001:00007c90       ?__MsgFunc_Flashlight@@YAHPBDHPAX@Z 10008c90 f   flashlight.obj
 0001:00007cb0       ?R_StudioDrawPlayer@@YAHHPAUentity_state_s@@@Z 10008cb0 f   GameStudioModelRenderer.obj
 0001:00007cd0       ?R_StudioDrawModel@@YAHH@Z 10008cd0 f   GameStudioModelRenderer.obj
 0001:00007cf0       ??0CGameStudioModelRenderer@@QAE@XZ 10008cf0 f   GameStudioModelRenderer.obj
 0001:00007d10       ??_GCGameStudioModelRenderer@@UAEPAXI@Z 10008d10 f i GameStudioModelRenderer.obj
 0001:00007d10       ??_ECGameStudioModelRenderer@@UAEPAXI@Z 10008d10 f i GameStudioModelRenderer.obj
 0001:00007d10       ??_GCStudioModelRenderer@@UAEPAXI@Z 10008d10 f i StudioModelRenderer.obj
 0001:00007d10       ??_ECStudioModelRenderer@@UAEPAXI@Z 10008d10 f i StudioModelRenderer.obj
 0001:00007d40       ?R_StudioInit@@YAXXZ       10008d40 f   GameStudioModelRenderer.obj
 0001:00007d50       _HUD_GetStudioModelInterface 10008d50 f   GameStudioModelRenderer.obj
 0001:00007d90       ?Draw@CHudGeiger@@UAEHM@Z  10008d90 f   geiger.obj
 0001:00007fa0       ?Init@CHudGeiger@@UAEHXZ   10008fa0 f   geiger.obj
 0001:00007ff0       ?MsgFunc_Geiger@CHudGeiger@@QAEHPBDHPAX@Z 10008ff0 f   geiger.obj
 0001:00008020       ?__MsgFunc_Geiger@@YAHPBDHPAX@Z 10009020 f   geiger.obj
 0001:00008040       ?CalcDamageDirection@CHudHealth@@AAEXVVector@@@Z 10009040 f   health.obj
 0001:000082e0       ?Draw@CHudHealth@@UAEHM@Z  100092e0 f   health.obj
 0001:000084f0       ?DrawDamage@CHudHealth@@AAEHM@Z 100094f0 f   health.obj
 0001:00008720       ?DrawPain@CHudHealth@@AAEHM@Z 10009720 f   health.obj
 0001:00008b40       ?GetPainColor@CHudHealth@@QAEXAAH00@Z 10009b40 f   health.obj
 0001:00008b90       ?Init@CHudHealth@@UAEHXZ   10009b90 f   health.obj
 0001:00008c30       ?MsgFunc_Damage@CHudHealth@@QAEHPBDHPAX@Z 10009c30 f   health.obj
 0001:00008cd0       ?MsgFunc_Health@CHudHealth@@QAEHPBDHPAX@Z 10009cd0 f   health.obj
 0001:00008d10       ?Reset@CHudHealth@@UAEXXZ  10009d10 f   health.obj
 0001:00008d50       ?UpdateTiles@CHudHealth@@AAEXMJ@Z 10009d50 f   health.obj
 0001:00008eb0       ?VidInit@CHudHealth@@UAEHXZ 10009eb0 f   health.obj
 0001:00008f10       ?__MsgFunc_Damage@@YAHPBDHPAX@Z 10009f10 f   health.obj
 0001:00008f30       ?__MsgFunc_Health@@YAHPBDHPAX@Z 10009f30 f   health.obj
 0001:00008f50       ??0HeaderPanel@vgui@@QAE@ABV01@@Z 10009f50 f i hud.obj
 0001:00009010       ??0IntChangeSignal@vgui@@QAE@ABV01@@Z 1000a010 f i hud.obj
 0001:00009020       ??0IntChangeSignal@vgui@@QAE@XZ 1000a020 f i hud.obj
 0001:00009030       ??0ScrollBar2@vgui@@QAE@ABV01@@Z 1000a030 f i hud.obj
 0001:000090a0       ??0Slider2@vgui@@QAE@ABV01@@Z 1000a0a0 f i hud.obj
 0001:00009190       ??0TablePanel@vgui@@QAE@ABV01@@Z 1000a190 f i hud.obj
 0001:000092a0       ??0TextGrid@vgui@@QAE@ABV01@@Z 1000a2a0 f i hud.obj
 0001:00009340       ??1CHud@@QAE@XZ            1000a340 f   hud.obj
 0001:00009460       ??4HeaderPanel@vgui@@QAEAAV01@ABV01@@Z 1000a460 f i hud.obj
 0001:00009520       ??4ScrollBar@vgui@@QAEAAV01@ABV01@@Z 1000a520 f i ammo.obj
 0001:00009520       ??4ScrollBar2@vgui@@QAEAAV01@ABV01@@Z 1000a520 f i hud.obj
 0001:00009590       ??4TablePanel@vgui@@QAEAAV01@ABV01@@Z 1000a590 f i hud.obj
 0001:000096b0       ??4TextGrid@vgui@@QAEAAV01@ABV01@@Z 1000a6b0 f i hud.obj
 0001:00009750       ??_ECHLVoiceStatusHelper@@UAEPAXI@Z 1000a750 f i hud.obj
 0001:00009750       ??_GIVoiceStatusHelper@@UAEPAXI@Z 1000a750 f i hud.obj
 0001:00009750       ??_GCHLVoiceStatusHelper@@UAEPAXI@Z 1000a750 f i hud.obj
 0001:00009750       ??_EIVoiceStatusHelper@@UAEPAXI@Z 1000a750 f i hud.obj
 0001:00009780       ?AddHudElem@CHud@@QAEXPAVCHudBase@@@Z 1000a780 f   hud.obj
 0001:000097e0       ?COM_FileBase@@YAXPBDPAD@Z 1000a7e0 f   hud.obj
 0001:00009870       ?CanShowSpeakerLabels@CHLVoiceStatusHelper@@UAE_NXZ 1000a870 f i hud.obj
 0001:000098a0       ?GetAckIconHeight@CHLVoiceStatusHelper@@UAEHXZ 1000a8a0 f i hud.obj
 0001:000098c0       ?GetPlayerTextColor@CHLVoiceStatusHelper@@UAEXHQAH@Z 1000a8c0 f i hud.obj
 0001:00009930       ?GetSensitivity@CHud@@QAEMXZ 1000a930 f   hud.obj
 0001:00009940       ?GetSpriteIndex@CHud@@QAEHPBD@Z 1000a940 f   hud.obj
 0001:00009990       ?HUD_GetFOV@@YAMXZ         1000a990 f   hud.obj
 0001:00009a00       ?Init@CHud@@QAEXXZ         1000aa00 f   hud.obj
 0001:00009d80       ?MsgFunc_Logo@CHud@@QAAHPBDHPAX@Z 1000ad80 f   hud.obj
 0001:00009db0       ?MsgFunc_SetFOV@CHud@@QAAHPBDHPAX@Z 1000adb0 f   hud.obj
 0001:00009e80       ?UpdateCursorState@CHLVoiceStatusHelper@@UAEXXZ 1000ae80 f i hud.obj
 0001:00009e90       ?VidInit@CHud@@QAEXXZ      1000ae90 f   hud.obj
 0001:0000a1c0       ?__CmdFunc_CloseCommandMenu@@YAXXZ 1000b1c0 f   hud.obj
 0001:0000a1d0       ?__CmdFunc_ForceCloseCommandMenu@@YAXXZ 1000b1d0 f   hud.obj
 0001:0000a1e0       ?__CmdFunc_InputPlayerSpecial@@YAXXZ 1000b1e0 f   hud.obj
 0001:0000a1f0       ?__CmdFunc_OpenCommandMenu@@YAXXZ 1000b1f0 f   hud.obj
 0001:0000a210       ?__CmdFunc_ToggleServerBrowser@@YAXXZ 1000b210 f   hud.obj
 0001:0000a220       ?__MsgFunc_AllowSpec@@YAHPBDHPAX@Z 1000b220 f   hud.obj
 0001:0000a250       ?__MsgFunc_BuildSt@@YAHPBDHPAX@Z 1000b250 f   hud.obj
 0001:0000a280       ?__MsgFunc_Concuss@@YAHPBDHPAX@Z 1000b280 f   hud.obj
 0001:0000a2a0       ?__MsgFunc_Detpack@@YAHPBDHPAX@Z 1000b2a0 f   hud.obj
 0001:0000a2d0       ?__MsgFunc_Feign@@YAHPBDHPAX@Z 1000b2d0 f   hud.obj
 0001:0000a300       ?__MsgFunc_GameMode@@YAHPBDHPAX@Z 1000b300 f   hud.obj
 0001:0000a320       ?__MsgFunc_InitHUD@@YAHPBDHPAX@Z 1000b320 f   hud.obj
 0001:0000a340       ?__MsgFunc_Logo@@YAHPBDHPAX@Z 1000b340 f   hud.obj
 0001:0000a360       ?__MsgFunc_MOTD@@YAHPBDHPAX@Z 1000b360 f   hud.obj
 0001:0000a390       ?__MsgFunc_RandomPC@@YAHPBDHPAX@Z 1000b390 f   hud.obj
 0001:0000a3c0       ?__MsgFunc_ResetHUD@@YAHPBDHPAX@Z 1000b3c0 f   hud.obj
 0001:0000a3e0       ?__MsgFunc_ScoreInfo@@YAHPBDHPAX@Z 1000b3e0 f   hud.obj
 0001:0000a410       ?__MsgFunc_ServerName@@YAHPBDHPAX@Z 1000b410 f   hud.obj
 0001:0000a440       ?__MsgFunc_SetFOV@@YAHPBDHPAX@Z 1000b440 f   hud.obj
 0001:0000a460       ?__MsgFunc_Spectator@@YAHPBDHPAX@Z 1000b460 f   hud.obj
 0001:0000a490       ?__MsgFunc_TeamInfo@@YAHPBDHPAX@Z 1000b490 f   hud.obj
 0001:0000a4c0       ?__MsgFunc_TeamNames@@YAHPBDHPAX@Z 1000b4c0 f   hud.obj
 0001:0000a4f0       ?__MsgFunc_TeamScore@@YAHPBDHPAX@Z 1000b4f0 f   hud.obj
 0001:0000a520       ?__MsgFunc_VGUIMenu@@YAHPBDHPAX@Z 1000b520 f   hud.obj
 0001:0000a550       ?__MsgFunc_ValClass@@YAHPBDHPAX@Z 1000b550 f   hud.obj
 0001:0000a580       ?__MsgFunc_ViewMode@@YAHPBDHPAX@Z 1000b580 f   hud.obj
 0001:0000a5a0       ?MsgFunc_Concuss@CHud@@QAAHPBDHPAX@Z 1000b5a0 f   hud_msg.obj
 0001:0000a600       ?MsgFunc_GameMode@CHud@@QAAHPBDHPAX@Z 1000b600 f   hud_msg.obj
 0001:0000a630       ?MsgFunc_InitHUD@CHud@@QAAXPBDHPAX@Z 1000b630 f   hud_msg.obj
 0001:0000a670       ?MsgFunc_ResetHUD@CHud@@QAAHPBDHPAX@Z 1000b670 f   hud_msg.obj
 0001:0000a6b0       ?MsgFunc_ViewMode@CHud@@QAAXPBDHPAX@Z 1000b6b0 f   hud_msg.obj
 0001:0000a6c0       ?DrawHudNumber@CHud@@QAEHHHHHHHH@Z 1000b6c0 f   hud_redraw.obj
 0001:0000a8b0       ?DrawHudNumberString@CHud@@QAEHHHHHHHH@Z 1000b8b0 f   hud_redraw.obj
 0001:0000a910       ?DrawHudString@CHud@@QAEHHHHPADHHH@Z 1000b910 f   hud_redraw.obj
 0001:0000a970       ?DrawHudStringReverse@CHud@@QAEHHHHPADHHH@Z 1000b970 f   hud_redraw.obj
 0001:0000a9d0       ?GetNumWidth@CHud@@QAEHHH@Z 1000b9d0 f   hud_redraw.obj
 0001:0000aa20       ?Redraw@CHud@@QAEHMH@Z     1000ba20 f   hud_redraw.obj
 0001:0000ac60       ?ScaleColors@@YAXAAH00H@Z  1000bc60 f   hud_redraw.obj
 0001:0000acc0       ?Think@CHud@@QAEXXZ        1000bcc0 f   hud_redraw.obj
 0001:0000ad90       ??0CHudServers@@QAE@XZ     1000bd90 f   hud_servers.obj
 0001:0000ae10       ??1CHudServers@@QAE@XZ     1000be10 f   hud_servers.obj
 0001:0000aea0       ?AddServer@CHudServers@@QAEXPAPAUserver_s@1@PAU21@@Z 1000bea0 f   hud_servers.obj
 0001:0000af30       ?BroadcastServersList@@YAXH@Z 1000bf30 f   hud_servers.obj
 0001:0000af50       ?CancelRequest@CHudServers@@QAEXXZ 1000bf50 f   hud_servers.obj
 0001:0000af80       ?ClearRequestList@CHudServers@@QAEXPAPAUrequest_s@1@@Z 1000bf80 f   hud_servers.obj
 0001:0000afb0       ?ClearServerList@CHudServers@@QAEXPAPAUserver_s@1@@Z 1000bfb0 f   hud_servers.obj
 0001:0000aff0       ?CompareField@@YAHPAUserver_s@CHudServers@@0PBDH@Z 1000bff0 f   hud_servers.obj
 0001:0000b090       ?CompareServers@CHudServers@@QAEHPAUserver_s@1@0@Z 1000c090 f   hud_servers.obj
 0001:0000b120       ?FindRequest@CHudServers@@QAEPAUrequest_s@1@HPAU21@@Z 1000c120 f   hud_servers.obj
 0001:0000b150       ?FnServerCompare@@YAHPBX0@Z 1000c150 f   hud_servers.obj
 0001:0000b170       ?GetServer@CHudServers@@AAEPAUserver_s@1@H@Z 1000c170 f   hud_servers.obj
 0001:0000b1a0       ?GetServerInfo@CHudServers@@QAEPADH@Z 1000c1a0 f   hud_servers.obj
 0001:0000b1c0       ?ListResponse@@YAXPAUnet_response_s@@@Z 1000c1c0 f   hud_servers.obj
 0001:0000b1e0       ?ListResponse@CHudServers@@QAEXPAUnet_response_s@@@Z 1000c1e0 f   hud_servers.obj
 0001:0000b270       ?LoadMasterAddresses@CHudServers@@QAEHHPAHPAUnetadr_s@@@Z 1000c270 f   hud_servers.obj
 0001:0000b650       ?QueryThink@CHudServers@@QAEXXZ 1000c650 f   hud_servers.obj
 0001:0000b720       ?RemoveServerFromList@CHudServers@@QAEXPAPAUrequest_s@1@PAU21@@Z 1000c720 f   hud_servers.obj
 0001:0000b750       ?RequestBroadcastList@CHudServers@@QAEXH@Z 1000c750 f   hud_servers.obj
 0001:0000b890       ?RequestList@CHudServers@@QAEXXZ 1000c890 f   hud_servers.obj
 0001:0000b990       ?ServerListCompareFunc@@YGHPAUserver_s@CHudServers@@0PBD@Z 1000c990 f   hud_servers.obj
 0001:0000b9c0       ?ServerListSize@CHudServers@@QAEHXZ 1000c9c0 f   hud_servers.obj
 0001:0000b9f0       ?ServerResponse@@YAXPAUnet_response_s@@@Z 1000c9f0 f   hud_servers.obj
 0001:0000ba10       ?ServerResponse@CHudServers@@QAEXPAUnet_response_s@@@Z 1000ca10 f   hud_servers.obj
 0001:0000bb70       ?ServersCancel@@YAXXZ      1000cb70 f   hud_servers.obj
 0001:0000bb80       ?ServersGetInfo@@YAPBDH@Z  1000cb80 f   hud_servers.obj
 0001:0000bba0       ?ServersInit@@YAXXZ        1000cba0 f   hud_servers.obj
 0001:0000bbd0       ?ServersIsQuerying@@YAHXZ  1000cbd0 f   hud_servers.obj
 0001:0000bbf0       ?ServersList@@YAXXZ        1000cbf0 f   hud_servers.obj
 0001:0000bc00       ?ServersShutdown@@YAXXZ    1000cc00 f   hud_servers.obj
 0001:0000bc30       ?ServersThink@@YAXN@Z      1000cc30 f   hud_servers.obj
 0001:0000bc60       ?SortServers@@YAXPBD@Z     1000cc60 f   hud_servers.obj
 0001:0000bc80       ?SortServers@CHudServers@@QAEXPBD@Z 1000cc80 f   hud_servers.obj
 0001:0000bd60       ?Think@CHudServers@@QAEXN@Z 1000cd60 f   hud_servers.obj
 0001:0000bde0       ?isQuerying@CHudServers@@QAEHXZ 1000cde0 f   hud_servers.obj
 0001:0000bdf0       ?AddOverviewEntity@CHudSpectator@@QAE_NHPAUcl_entity_s@@PBD@Z 1000cdf0 f   hud_spectator.obj
 0001:0000be80       ?AddOverviewEntityToList@CHudSpectator@@QAE_NHPAUcl_entity_s@@N@Z 1000ce80 f   hud_spectator.obj
 0001:0000bee0       ?CheckOverviewEntities@CHudSpectator@@QAEXXZ 1000cee0 f   hud_spectator.obj
 0001:0000bf20       ?CheckSettings@CHudSpectator@@QAEXXZ 1000cf20 f   hud_spectator.obj
 0001:0000c130       ?DeathMessage@CHudSpectator@@QAEXH@Z 1000d130 f   hud_spectator.obj
 0001:0000c190       ?DirectorMessage@CHudSpectator@@QAEXHPAX@Z 1000d190 f   hud_spectator.obj
 0001:0000c540       ?Draw@CHudSpectator@@UAEHM@Z 1000d540 f   hud_spectator.obj
 0001:0000c8b0       ?DrawOverview@CHudSpectator@@QAEXXZ 1000d8b0 f   hud_spectator.obj
 0001:0000c900       ?DrawOverviewEntities@CHudSpectator@@QAEXXZ 1000d900 f   hud_spectator.obj
 0001:0000d420       ?DrawOverviewLayer@CHudSpectator@@QAEXXZ 1000e420 f   hud_spectator.obj
 0001:0000da10       ?FindNextPlayer@CHudSpectator@@QAEX_N@Z 1000ea10 f   hud_spectator.obj
 0001:0000dbd0       ?HandleButtonsDown@CHudSpectator@@QAEXH@Z 1000ebd0 f   hud_spectator.obj
 0001:0000dd90       ?HandleButtonsUp@CHudSpectator@@QAEXH@Z 1000ed90 f   hud_spectator.obj
 0001:0000dde0       ?Init@CHudSpectator@@UAEHXZ 1000ede0 f   hud_spectator.obj
 0001:0000df90       ?InitHUDData@CHudSpectator@@UAEXXZ 1000ef90 f   hud_spectator.obj
 0001:0000e080       ?IsActivePlayer@CHudSpectator@@QAE_NPAUcl_entity_s@@@Z 1000f080 f   hud_spectator.obj
 0001:0000e0d0       ?LoadMapSprites@CHudSpectator@@QAEXXZ 1000f0d0 f   hud_spectator.obj
 0001:0000e100       ?ParseOverviewFile@CHudSpectator@@QAE_NXZ 1000f100 f   hud_spectator.obj
 0001:0000e6f0       ?Reset@CHudSpectator@@UAEXXZ 1000f6f0 f   hud_spectator.obj
 0001:0000e760       ?SetModes@CHudSpectator@@QAEXHH@Z 1000f760 f   hud_spectator.obj
 0001:0000ea30       ?SetSpectatorStartPosition@CHudSpectator@@QAEXXZ 1000fa30 f   hud_spectator.obj
 0001:0000eb60       ?SpectatorHelp@@YAXXZ      1000fb60 f   hud_spectator.obj
 0001:0000ebc0       ?SpectatorMenu@@YAXXZ      1000fbc0 f   hud_spectator.obj
 0001:0000ec10       ?SpectatorMode@@YAXXZ      1000fc10 f   hud_spectator.obj
 0001:0000ec80       ?SpectatorSpray@@YAXXZ     1000fc80 f   hud_spectator.obj
 0001:0000edb0       ?ToggleInset@CHudSpectator@@QAEH_N@Z 1000fdb0 f   hud_spectator.obj
 0001:0000ee00       ?ToggleScores@@YAXXZ       1000fe00 f   hud_spectator.obj
 0001:0000ee30       ?UTIL_FindEntityInMap@@YAHPADPAM1@Z 1000fe30 f   hud_spectator.obj
 0001:0000f190       ?UTIL_StringToVector@@YAXPAMPBD@Z 10010190 f   hud_spectator.obj
 0001:0000f230       ?VidInit@CHudSpectator@@UAEHXZ 10010230 f   hud_spectator.obj
 0001:0000f2d0       ?UpdateClientData@CHud@@QAEHPAUclient_data_s@@M@Z 100102d0 f   hud_update.obj
 0001:0000f360       ?CAM_EndDistance@@YAXXZ    10010360 f   in_camera.obj
 0001:0000f380       ?CAM_EndMouseMove@@YAXXZ   10010380 f   in_camera.obj
 0001:0000f3a0       ?CAM_InDown@@YAXXZ         100103a0 f   in_camera.obj
 0001:0000f3b0       ?CAM_InUp@@YAXXZ           100103b0 f   in_camera.obj
 0001:0000f3c0       ?CAM_Init@@YAXXZ           100103c0 f   in_camera.obj
 0001:0000f620       ?CAM_OutDown@@YAXXZ        10010620 f   in_camera.obj
 0001:0000f630       ?CAM_OutUp@@YAXXZ          10010630 f   in_camera.obj
 0001:0000f640       ?CAM_PitchDownDown@@YAXXZ  10010640 f   in_camera.obj
 0001:0000f650       ?CAM_PitchDownUp@@YAXXZ    10010650 f   in_camera.obj
 0001:0000f660       ?CAM_PitchUpDown@@YAXXZ    10010660 f   in_camera.obj
 0001:0000f670       ?CAM_PitchUpUp@@YAXXZ      10010670 f   in_camera.obj
 0001:0000f680       ?CAM_StartDistance@@YAXXZ  10010680 f   in_camera.obj
 0001:0000f750       ?CAM_StartMouseMove@@YAXXZ 10010750 f   in_camera.obj
 0001:0000f810       ?CAM_ToFirstPerson@@YAXXZ  10010810 f   in_camera.obj
 0001:0000f840       ?CAM_ToThirdPerson@@YAXXZ  10010840 f   in_camera.obj
 0001:0000f8b0       ?CAM_ToggleSnapto@@YAXXZ   100108b0 f   in_camera.obj
 0001:0000f8f0       ?CAM_YawLeftDown@@YAXXZ    100108f0 f   in_camera.obj
 0001:0000f900       ?CAM_YawLeftUp@@YAXXZ      10010900 f   in_camera.obj
 0001:0000f910       ?CAM_YawRightDown@@YAXXZ   10010910 f   in_camera.obj
 0001:0000f920       ?CAM_YawRightUp@@YAXXZ     10010920 f   in_camera.obj
 0001:0000f930       ?MoveToward@@YAMMMM@Z      10010930 f   in_camera.obj
 0001:0000fa30       _CAM_Think                 10010a30 f   in_camera.obj
 0001:00010100       _CL_CameraOffset           10011100 f   in_camera.obj
 0001:00010130       _CL_IsThirdPerson          10011130 f   in_camera.obj
 0001:00010160       ?CL_AdjustAngles@@YAXMPAM@Z 10011160 f   input.obj
 0001:00010350       ?CL_ButtonBits@@YAHH@Z     10011350 f   input.obj
 0001:000104b0       ?CL_IsDead@@YAHXZ          100114b0 f   input.obj
 0001:000104c0       ?CL_KeyState@@YAMPAUkbutton_s@@@Z 100114c0 f   input.obj
 0001:00010580       ?CL_ResetButtonBits@@YAXH@Z 10011580 f   input.obj
 0001:000105c0       ?IN_Alt1Down@@YAXXZ        100115c0 f   input.obj
 0001:000105d0       ?IN_Alt1Up@@YAXXZ          100115d0 f   input.obj
 0001:000105e0       ?IN_Attack2Down@@YAXXZ     100115e0 f   input.obj
 0001:00010600       ?IN_Attack2Up@@YAXXZ       10011600 f   input.obj
 0001:00010610       ?IN_AttackDown@@YAXXZ      10011610 f   input.obj
 0001:00010630       ?IN_AttackUp@@YAXXZ        10011630 f   input.obj
 0001:00010650       ?IN_BackDown@@YAXXZ        10011650 f   input.obj
 0001:00010670       ?IN_BackUp@@YAXXZ          10011670 f   input.obj
 0001:00010690       ?IN_BreakDown@@YAXXZ       10011690 f   input.obj
 0001:000106a0       ?IN_BreakUp@@YAXXZ         100116a0 f   input.obj
 0001:000106b0       ?IN_DownDown@@YAXXZ        100116b0 f   input.obj
 0001:000106c0       ?IN_DownUp@@YAXXZ          100116c0 f   input.obj
 0001:000106d0       ?IN_DuckDown@@YAXXZ        100116d0 f   input.obj
 0001:000106f0       ?IN_DuckUp@@YAXXZ          100116f0 f   input.obj
 0001:00010700       ?IN_ForwardDown@@YAXXZ     10011700 f   input.obj
 0001:00010720       ?IN_ForwardUp@@YAXXZ       10011720 f   input.obj
 0001:00010740       ?IN_GraphDown@@YAXXZ       10011740 f   input.obj
 0001:00010750       ?IN_GraphUp@@YAXXZ         10011750 f   input.obj
 0001:00010760       ?IN_Impulse@@YAXXZ         10011760 f   input.obj
 0001:00010780       ?IN_JLookDown@@YAXXZ       10011780 f   input.obj
 0001:00010790       ?IN_JLookUp@@YAXXZ         10011790 f   input.obj
 0001:000107a0       ?IN_JumpDown@@YAXXZ        100117a0 f   input.obj
 0001:000107c0       ?IN_JumpUp@@YAXXZ          100117c0 f   input.obj
 0001:000107d0       ?IN_KLookDown@@YAXXZ       100117d0 f   input.obj
 0001:000107e0       ?IN_KLookUp@@YAXXZ         100117e0 f   input.obj
 0001:000107f0       ?IN_LeftDown@@YAXXZ        100117f0 f   input.obj
 0001:00010800       ?IN_LeftUp@@YAXXZ          10011800 f   input.obj
 0001:00010810       ?IN_LookdownDown@@YAXXZ    10011810 f   input.obj
 0001:00010820       ?IN_LookdownUp@@YAXXZ      10011820 f   input.obj
 0001:00010830       ?IN_LookupDown@@YAXXZ      10011830 f   input.obj
 0001:00010840       ?IN_LookupUp@@YAXXZ        10011840 f   input.obj
 0001:00010850       ?IN_MLookDown@@YAXXZ       10011850 f   input.obj
 0001:00010860       ?IN_MLookUp@@YAXXZ         10011860 f   input.obj
 0001:000108a0       ?IN_MoveleftDown@@YAXXZ    100118a0 f   input.obj
 0001:000108c0       ?IN_MoveleftUp@@YAXXZ      100118c0 f   input.obj
 0001:000108e0       ?IN_MoverightDown@@YAXXZ   100118e0 f   input.obj
 0001:00010900       ?IN_MoverightUp@@YAXXZ     10011900 f   input.obj
 0001:00010920       ?IN_ReloadDown@@YAXXZ      10011920 f   input.obj
 0001:00010930       ?IN_ReloadUp@@YAXXZ        10011930 f   input.obj
 0001:00010940       ?IN_RightDown@@YAXXZ       10011940 f   input.obj
 0001:00010950       ?IN_RightUp@@YAXXZ         10011950 f   input.obj
 0001:00010960       ?IN_ScoreDown@@YAXXZ       10011960 f   input.obj
 0001:00010980       ?IN_ScoreUp@@YAXXZ         10011980 f   input.obj
 0001:000109a0       ?IN_SpeedDown@@YAXXZ       100119a0 f   input.obj
 0001:000109b0       ?IN_SpeedUp@@YAXXZ         100119b0 f   input.obj
 0001:000109c0       ?IN_StrafeDown@@YAXXZ      100119c0 f   input.obj
 0001:000109d0       ?IN_StrafeUp@@YAXXZ        100119d0 f   input.obj
 0001:000109e0       ?IN_UpDown@@YAXXZ          100119e0 f   input.obj
 0001:000109f0       ?IN_UpUp@@YAXXZ            100119f0 f   input.obj
 0001:00010a00       ?IN_UseDown@@YAXXZ         10011a00 f   input.obj
 0001:00010a20       ?IN_UseUp@@YAXXZ           10011a20 f   input.obj
 0001:00010a30       ?InitInput@@YAXXZ          10011a30 f   input.obj
 0001:00010f40       ?KB_Add@@YAXPBDPAUkbutton_s@@@Z 10011f40 f   input.obj
 0001:00010fb0       ?KB_ConvertString@@YAHPADPAPAD@Z 10011fb0 f   input.obj
 0001:00011120       ?KB_Init@@YAXXZ            10012120 f   input.obj
 0001:00011160       ?KB_Shutdown@@YAXXZ        10012160 f   input.obj
 0001:00011190       ?KeyDown@@YAXPAUkbutton_s@@@Z 10012190 f   input.obj
 0001:00011200       ?KeyUp@@YAXPAUkbutton_s@@@Z 10012200 f   input.obj
 0001:00011270       ?ShutdownInput@@YAXXZ      10012270 f   input.obj
 0001:00011280       _CL_CreateMove             10012280 f   input.obj
 0001:00011960       _HUD_Key_Event             10012960 f   input.obj
 0001:00011990       _HUD_Shutdown              10012990 f   input.obj
 0001:000119a0       _KB_Find                   100129a0 f   input.obj
 0001:000119e0       ?Force_CenterView_f@@YAXXZ 100129e0 f   inputw32.obj
 0001:00011a20       ?IN_Commands@@YAXXZ        10012a20 f   inputw32.obj
 0001:00011b80       ?IN_Init@@YAXXZ            10012b80 f   inputw32.obj
 0001:00011da0       ?IN_JoyMove@@YAXMPAUusercmd_s@@@Z 10012da0 f   inputw32.obj
 0001:00012260       ?IN_MouseMove@@YAXMPAUusercmd_s@@@Z 10013260 f   inputw32.obj
 0001:00012570       ?IN_Move@@YAXMPAUusercmd_s@@@Z 10013570 f   inputw32.obj
 0001:000125c0       ?IN_ReadJoystick@@YAHXZ    100135c0 f   inputw32.obj
 0001:00012630       ?IN_ResetMouse@@YAXXZ      10013630 f   inputw32.obj
 0001:00012650       ?IN_Shutdown@@YAXXZ        10013650 f   inputw32.obj
 0001:00012660       ?IN_StartupJoystick@@YAXXZ 10013660 f   inputw32.obj
 0001:000127f0       ?IN_StartupMouse@@YAXXZ    100137f0 f   inputw32.obj
 0001:000128c0       ?Joy_AdvancedUpdate_f@@YAXXZ 100138c0 f   inputw32.obj
 0001:00012b70       ?RawValuePointer@@YAPAKH@Z 10013b70 f   inputw32.obj
 0001:00012bd0       _IN_Accumulate             10013bd0 f   inputw32.obj
 0001:00012c30       _IN_ActivateMouse          10013c30 f   inputw32.obj
 0001:00012c70       _IN_ClearStates            10013c70 f   inputw32.obj
 0001:00012ca0       _IN_DeactivateMouse        10013ca0 f   inputw32.obj
 0001:00012cd0       _IN_MouseEvent             10013cd0 f   inputw32.obj
 0001:00012d50       ?Draw@CHudMenu@@UAEHM@Z    10013d50 f   menu.obj
 0001:00012e90       ?Init@CHudMenu@@UAEHXZ     10013e90 f   menu.obj
 0001:00012ec0       ?InitHUDData@CHudMenu@@UAEXXZ 10013ec0 f   menu.obj
 0001:00012ee0       ?MsgFunc_ShowMenu@CHudMenu@@QAEHPBDHPAX@Z 10013ee0 f   menu.obj
 0001:00013030       ?Reset@CHudMenu@@UAEXXZ    10014030 f   menu.obj
 0001:00013040       ?SelectMenuItem@CHudMenu@@QAEXH@Z 10014040 f   menu.obj
 0001:000130b0       ?__MsgFunc_ShowMenu@@YAHPBDHPAX@Z 100140b0 f   menu.obj
 0001:000130d0       ?Draw@CHudMessage@@UAEHM@Z 100140d0 f   message.obj
 0001:00013430       ?FadeBlend@CHudMessage@@QAEMMMMM@Z 10014430 f   message.obj
 0001:000134d0       ?Init@CHudMessage@@UAEHXZ  100144d0 f   message.obj
 0001:00013510       ?MessageAdd@CHudMessage@@QAEXPAUclient_textmessage_s@@@Z 10014510 f   message.obj
 0001:00013570       ?MessageAdd@CHudMessage@@QAEXPBDM@Z 10014570 f   message.obj
 0001:00013720       ?MessageDrawScan@CHudMessage@@QAEXPAUclient_textmessage_s@@M@Z 10014720 f   message.obj
 0001:00013930       ?MessageScanNextChar@CHudMessage@@QAEXXZ 10014930 f   message.obj
 0001:00013b00       ?MessageScanStart@CHudMessage@@QAEXXZ 10014b00 f   message.obj
 0001:00013c50       ?MsgFunc_GameTitle@CHudMessage@@QAEHPBDHPAX@Z 10014c50 f   message.obj
 0001:00013ca0       ?MsgFunc_HudText@CHudMessage@@QAEHPBDHPAX@Z 10014ca0 f   message.obj
 0001:00013d00       ?Reset@CHudMessage@@UAEXXZ 10014d00 f   message.obj
 0001:00013d40       ?VidInit@CHudMessage@@UAEHXZ 10014d40 f   message.obj
 0001:00013d80       ?XPosition@CHudMessage@@QAEHMHH@Z 10014d80 f   message.obj
 0001:00013e10       ?YPosition@CHudMessage@@QAEHMH@Z 10014e10 f   message.obj
 0001:00013eb0       ?__MsgFunc_GameTitle@@YAHPBDHPAX@Z 10014eb0 f   message.obj
 0001:00013ed0       ?__MsgFunc_HudText@@YAHPBDHPAX@Z 10014ed0 f   message.obj
 0001:00013ef0       ?BEGIN_READ@@YAXPAXH@Z     10014ef0 f   parsemsg.obj
 0001:00013f20       ?READ_BYTE@@YAHXZ          10014f20 f   parsemsg.obj
 0001:00013f50       ?READ_CHAR@@YAHXZ          10014f50 f   parsemsg.obj
 0001:00013f80       ?READ_COORD@@YAMXZ         10014f80 f   parsemsg.obj
 0001:00013fb0       ?READ_FLOAT@@YAMXZ         10014fb0 f   parsemsg.obj
 0001:00013ff0       ?READ_LONG@@YAHXZ          10014ff0 f   parsemsg.obj
 0001:00014050       ?READ_SHORT@@YAHXZ         10015050 f   parsemsg.obj
 0001:000140a0       ?READ_STRING@@YAPADXZ      100150a0 f   parsemsg.obj
 0001:00014100       ?READ_WORD@@YAHXZ          10015100 f   parsemsg.obj
 0001:00014110       _AngleVectors              10015110 f   pm_math.obj
 0001:000142c0       _CrossProduct              100152c0 f   pm_math.obj
 0001:00014320       _Distance                  10015320 f   pm_math.obj
 0001:00014380       _NormalizeAngles           10015380 f   pm_math.obj
 0001:00014420       _VectorScale               10015420 f   pm_math.obj
 0001:00014420       ?VectorScale@@YAXPBMMPAM@Z 10015420 f   util.obj
 0001:00014460       _anglemod                  10015460 f   pm_math.obj
 0001:000144a0       _PM_Accelerate             100154a0 f   pm_shared.obj
 0001:00014570       _PM_AddCorrectGravity      10015570 f   pm_shared.obj
 0001:00014610       _PM_AddGravity             10015610 f   pm_shared.obj
 0001:00014680       _PM_AddToTouched           10015680 f   pm_shared.obj
 0001:00014760       _PM_AirAccelerate          10015760 f   pm_shared.obj
 0001:00014830       _PM_AirMove                10015830 f   pm_shared.obj
 0001:000149b0       _PM_CalcRoll               100159b0 f   pm_shared.obj
 0001:00014a60       _PM_CatagorizePosition     10015a60 f   pm_shared.obj
 0001:00014bb0       _PM_CatagorizeTextureType  10015bb0 f   pm_shared.obj
 0001:00014cc0       _PM_CheckFalling           10015cc0 f   pm_shared.obj
 0001:00014e80       _PM_CheckParamters         10015e80 f   pm_shared.obj
 0001:000150f0       _PM_CheckStuck             100160f0 f   pm_shared.obj
 0001:000154c0       _PM_CheckVelocity          100164c0 f   pm_shared.obj
 0001:000155d0       _PM_CheckWater             100165d0 f   pm_shared.obj
 0001:000157f0       _PM_CheckWaterJump         100167f0 f   pm_shared.obj
 0001:00015a80       _PM_ClipVelocity           10016a80 f   pm_shared.obj
 0001:00015b70       _PM_CreateStuckTable       10016b70 f   pm_shared.obj
 0001:00015e40       _PM_DropPunchAngle         10016e40 f   pm_shared.obj
 0001:00015ec0       _PM_Duck                   10016ec0 f   pm_shared.obj
 0001:00016160       _PM_FindTextureType        10017160 f   pm_shared.obj
 0001:000161c0       _PM_FixPlayerCrouchStuck   100171c0 f   pm_shared.obj
 0001:00016280       _PM_FixupGravityVelocity   10017280 f   pm_shared.obj
 0001:000162f0       _PM_FlyMove                100172f0 f   pm_shared.obj
 0001:000168b0       _PM_Friction               100178b0 f   pm_shared.obj
 0001:00016ad0       _PM_GetPhysEntInfo         10017ad0 f   pm_shared.obj
 0001:00016b00       _PM_GetRandomStuckOffsets  10017b00 f   pm_shared.obj
 0001:00016b60       _PM_InWater                10017b60 f   pm_shared.obj
 0001:00016b80       _PM_Init                   10017b80 f   pm_shared.obj
 0001:00016bb0       _PM_InitTextureTypes       10017bb0 f   pm_shared.obj
 0001:00016e40       _PM_Jump                   10017e40 f   pm_shared.obj
 0001:000170c0       _PM_Ladder                 100180c0 f   pm_shared.obj
 0001:000171c0       _PM_LadderMove             100181c0 f   pm_shared.obj
 0001:00017590       _PM_MapTextureTypeStepType 10018590 f   pm_shared.obj
 0001:00017610       _PM_Move                   10018610 f   pm_shared.obj
 0001:00017670       _PM_NoClip                 10018670 f   pm_shared.obj
 0001:00017780       _PM_Physics_Toss           10018780 f   pm_shared.obj
 0001:00017b20       _PM_PlayStepSound          10018b20 f   pm_shared.obj
 0001:000182e0       _PM_PlayWaterSounds        100192e0 f   pm_shared.obj
 0001:00018400       _PM_PlayerMove             10019400 f   pm_shared.obj
 0001:00018870       _PM_PreventMegaBunnyJumping 10019870 f   pm_shared.obj
 0001:000188f0       _PM_PushEntity             100198f0 f   pm_shared.obj
 0001:000189d0       _PM_ReduceTimers           100199d0 f   pm_shared.obj
 0001:00018a90       _PM_ResetStuckOffsets      10019a90 f   pm_shared.obj
 0001:00018ab0       _PM_SortTextures           10019ab0 f   pm_shared.obj
 0001:00018b20       _PM_SpectatorMove          10019b20 f   pm_shared.obj
 0001:00018f60       _PM_SplineFraction         10019f60 f   pm_shared.obj
 0001:00018fa0       _PM_SwapTextures           10019fa0 f   pm_shared.obj
 0001:00019040       _PM_UnDuck                 1001a040 f   pm_shared.obj
 0001:000191e0       _PM_UpdateStepSound        1001a1e0 f   pm_shared.obj
 0001:00019490       _PM_WalkMove               1001a490 f   pm_shared.obj
 0001:00019a60       _PM_WaterJump              1001aa60 f   pm_shared.obj
 0001:00019b00       _PM_WaterMove              1001ab00 f   pm_shared.obj
 0001:00019ec0       ?Draw@CHudSayText@@UAEHM@Z 1001aec0 f   saytext.obj
 0001:0001a060       ?EnsureTextFitsInOneLineAndWrapIfHaveTo@CHudSayText@@QAEXH@Z 1001b060 f   saytext.obj
 0001:0001a2c0       ?Init@CHudSayText@@UAEHXZ  1001b2c0 f   saytext.obj
 0001:0001a320       ?InitHUDData@CHudSayText@@UAEXXZ 1001b320 f   saytext.obj
 0001:0001a370       ?MsgFunc_SayText@CHudSayText@@QAEHPBDHPAX@Z 1001b370 f   saytext.obj
 0001:0001a3b0       ?SayTextPrint@CHudSayText@@QAEXPBDHH@Z 1001b3b0 f   saytext.obj
 0001:0001a520       ?ScrollTextUp@@YAHXZ       1001b520 f   saytext.obj
 0001:0001a590       ?__MsgFunc_SayText@@YAHPBDHPAX@Z 1001b590 f   saytext.obj
 0001:0001a5b0       ?DisableIcon@CHudStatusIcons@@QAEXPAD@Z 1001b5b0 f   status_icons.obj
 0001:0001a610       ?Draw@CHudStatusIcons@@UAEHM@Z 1001b610 f   status_icons.obj
 0001:0001a680       ?EnableIcon@CHudStatusIcons@@QAEXPADEEE@Z 1001b680 f   status_icons.obj
 0001:0001a790       ?Init@CHudStatusIcons@@UAEHXZ 1001b790 f   status_icons.obj
 0001:0001a7c0       ?MsgFunc_StatusIcon@CHudStatusIcons@@QAEHPBDHPAX@Z 1001b7c0 f   status_icons.obj
 0001:0001a830       ?Reset@CHudStatusIcons@@UAEXXZ 1001b830 f   status_icons.obj
 0001:0001a850       ?__MsgFunc_StatusIcon@@YAHPBDHPAX@Z 1001b850 f   status_icons.obj
 0001:0001a870       ?Draw@CHudStatusBar@@UAEHM@Z 1001b870 f   statusbar.obj
 0001:0001aa10       ?Init@CHudStatusBar@@UAEHXZ 1001ba10 f   statusbar.obj
 0001:0001aa70       ?MsgFunc_StatusText@CHudStatusBar@@QAEHPBDHPAX@Z 1001ba70 f   statusbar.obj
 0001:0001aae0       ?MsgFunc_StatusValue@CHudStatusBar@@QAEHPBDHPAX@Z 1001bae0 f   statusbar.obj
 0001:0001ab30       ?ParseStatusString@CHudStatusBar@@QAEXH@Z 1001bb30 f   statusbar.obj
 0001:0001adb0       ?Reset@CHudStatusBar@@UAEXXZ 1001bdb0 f   statusbar.obj
 0001:0001ae10       ?__MsgFunc_StatusText@@YAHPBDHPAX@Z 1001be10 f   statusbar.obj
 0001:0001ae30       ?__MsgFunc_StatusValue@@YAHPBDHPAX@Z 1001be30 f   statusbar.obj
 0001:0001ae50       ?AngleMatrix@@YAXPBMPAY03M@Z 1001be50 f   studio_util.obj
 0001:0001aff0       ?AngleQuaternion@@YAXPAMQAM@Z 1001bff0 f   studio_util.obj
 0001:0001b140       ?ConcatTransforms@@YAXQAY03M00@Z 1001c140 f   studio_util.obj
 0001:0001b360       ?MatrixCopy@@YAXQAY03M0@Z  1001c360 f   studio_util.obj
[...]
 0002:0002f838       $N00442                    1008f838     client.exp
 0002:0002f879       $N00443                    1008f879     client.exp
 0002:0002f8c4       $N00444                    1008f8c4     client.exp
 0002:0002f903       $N00445                    1008f903     client.exp
 0002:0002f94e       $N00446                    1008f94e     client.exp
 0002:0002f997       $N00447                    1008f997     client.exp
 0002:0002f9ec       $N00448                    1008f9ec     client.exp
 0002:0002fa29       $N00449                    1008fa29     client.exp
 0002:0002fa72       $N00450                    1008fa72     client.exp
 0002:0002fabb       $N00451                    1008fabb     client.exp
 0002:0002fb0c       $N00452                    1008fb0c     client.exp
 0002:0002fb49       $N00453                    1008fb49     client.exp
 0002:0002fb86       $N00454                    1008fb86     client.exp
 0002:0002fbd3       $N00455                    1008fbd3     client.exp
 0002:0002fc1c       $N00456                    1008fc1c     client.exp
 0002:0002fc63       $N00457                    1008fc63     client.exp
 0002:0002fc8d       $N00458                    1008fc8d     client.exp
 0002:0002fcb1       $N00459                    1008fcb1     client.exp
 0002:0002fcd2       $N00460                    1008fcd2     client.exp
 0002:0002fcfb       $N00461                    1008fcfb     client.exp
 0002:0002fd21       $N00462                    1008fd21     client.exp
 0002:0002fd52       $N00463                    1008fd52     client.exp
 0002:0002fd80       $N00464                    1008fd80     client.exp
 0002:0002fda3       $N00465                    1008fda3     client.exp
 0002:0002fdc3       $N00466                    1008fdc3     client.exp
 0002:0002fdf3       $N00467                    1008fdf3     client.exp
 0002:0002fe16       $N00468                    1008fe16     client.exp
 0002:0002fe36       $N00469                    1008fe36     client.exp
 0002:0002fe58       $N00470                    1008fe58     client.exp
 0002:0002fe62       $N00471                    1008fe62     client.exp
 0002:0002fe72       $N00472                    1008fe72     client.exp
 0002:0002fe80       $N00473                    1008fe80     client.exp
 0002:0002fe91       $N00474                    1008fe91     client.exp
 0002:0002fea1       $N00475                    1008fea1     client.exp
 0002:0002feb1       $N00476                    1008feb1     client.exp
 0002:0002febf       $N00477                    1008febf     client.exp
 0002:0002fed8       $N00478                    1008fed8     client.exp
 0002:0002feeb       $N00479                    1008feeb     client.exp
 0002:0002feff       $N00480                    1008feff     client.exp
 0002:0002ff17       $N00481                    1008ff17     client.exp
 0002:0002ff34       $N00482                    1008ff34     client.exp
 0002:0002ff3e       $N00483                    1008ff3e     client.exp
 0002:0002ff50       $N00484                    1008ff50     client.exp
 0002:0002ff6c       $N00485                    1008ff6c     client.exp
 0002:0002ff7e       $N00486                    1008ff7e     client.exp
 0002:0002ff87       $N00487                    1008ff87     client.exp
 0002:0002ff95       $N00488                    1008ff95     client.exp
 0002:0002ffa4       $N00489                    1008ffa4     client.exp
 0002:0002ffb7       $N00490                    1008ffb7     client.exp
 0002:0002ffcd       $N00491                    1008ffcd     client.exp
 0002:0002ffdc       $N00492                    1008ffdc     client.exp
 0002:0002fff3       $N00493                    1008fff3     client.exp
 0002:0002fffe       $N00494                    1008fffe     client.exp
 0002:00030008       $N00495                    10090008     client.exp
 0002:00030015       $N00496                    10090015     client.exp
 0002:00030025       $N00497                    10090025     client.exp
 0002:00030037       $N00498                    10090037     client.exp
 0002:0003004f       $N00499                    1009004f     client.exp
 0002:00030067       $N00500                    10090067     client.exp
 0002:0003007c       $N00501                    1009007c     client.exp
 0002:00030088       $N00502                    10090088     client.exp
 0002:00030098       $N00503                    10090098     client.exp
 0002:000300a6       $N00504                    100900a6     client.exp
 0002:000300b7       $N00505                    100900b7     client.exp
 0002:000300c6       $N00506                    100900c6     client.exp
 0002:000300d9       $N00507                    100900d9     client.exp
 0002:000300e7       $N00508                    100900e7     client.exp
 0002:000300f2       $N00509                    100900f2     client.exp
 0002:000300fa       $N00510                    100900fa     client.exp
 0002:00030107       $N00511                    10090107     client.exp
 0002:00030110       $N00512                    10090110     client.exp
 0002:0003011b       $N00513                    1009011b     client.exp
 0002:00030127       $N00514                    10090127     client.exp
 0002:00030134       $N00515                    10090134     client.exp
 0002:00030144       $N00516                    10090144     client.exp
 0002:00030152       $N00517                    10090152     client.exp
 0002:00030160       $N00518                    10090160     client.exp
 0002:0003016e       $N00519                    1009016e     client.exp
 0002:0003017d       $N00520                    1009017d     client.exp
 0002:0003018c       $N00521                    1009018c     client.exp
 0002:00030199       $N00522                    10090199     client.exp
 0002:000301aa       $N00523                    100901aa     client.exp
 0002:000301b7       $N00524                    100901b7     client.exp
 0002:000301c7       $N00525                    100901c7     client.exp
 0002:000301d2       $N00526                    100901d2     client.exp
 0002:000301df       $N00527                    100901df     client.exp
 0002:000301f1       $N00528                    100901f1     client.exp
 0002:00030201       $N00529                    10090201     client.exp
 0002:00030210       $N00530                    10090210     client.exp
 0002:0003021c       $N00531                    1009021c     client.exp
 0002:00030229       $N00532                    10090229     client.exp
 0002:00030236       $N00533                    10090236     client.exp
 0002:00030249       $N00534                    10090249     client.exp
 0002:0003025a       $N00535                    1009025a     client.exp
 0002:00030265       $N00536                    10090265     client.exp
 0002:00030273       $N00537                    10090273     client.exp
 0002:0003027e       $N00538                    1009027e     client.exp
 0002:0003028d       $N00539                    1009028d     client.exp
 0002:0003029c       $N00540                    1009029c     client.exp
 0002:000302a9       $N00541                    100902a9     client.exp
 0003:000008b0       _DEATHNOTICE_DISPLAY_TIME  100918b0     death.obj
 0003:000009f4       _g_VoiceStatusHelper       100919f4     hud.obj
 0003:00000be0       ?m_switch@?DB@??CL_CreateMove@@9@4_NA 10091be0     input.obj
 0003:00000be4       _newmouseparms             10091be4     inputw32.obj
 0003:00000bf0       _mouseshowtoggle           10091bf0     inputw32.obj
 0003:00000c10       _PM_boxpnt                 10091c10     pm_debug.obj
 0003:00000c78       ?current_table@?4??PM_CheckWater@@9@9 10091c78     pm_shared.obj
 0003:00000cc0       _SCROLL_SPEED              10091cc0     saytext.obj
 0003:0000107c       _g_ResArray                1009207c     vgui_SchemeManager.obj
 0003:000010a0       _g_NumReses                100920a0     vgui_SchemeManager.obj
 0003:000017b0       ?modelmap@?1??V_FindViewModelByWeaponModel@@YAHH@Z@4PAY01PADA 100927b0     view.obj
 0003:000019c8       _player                    100929c8     hl_weapons.obj
 0003:00002f70       _errtable                  10093f70     LIBCMT:dosmap.obj
 0003:000030d8       _ErrnoNoMem                100940d8     LIBCMT:dosmap.obj
 0003:000030dc       _DoserrorNoMem             100940dc     LIBCMT:dosmap.obj
 0003:000030e0       __locktable                100940e0     LIBCMT:mlock.obj
 0003:00003200       ?isPackaged@?1??__crtIsPackagedApp@@9@9 10094200     LIBCMT:winapisupp.obj
 0003:00003230       ___rgctypeflag             10094230     LIBCMT:mbctype.obj
 0003:00003238       ___rgcode_page_info        10094238     LIBCMT:mbctype.obj
 0003:00003a50       _NAME_                     10094a50     LIBCMT:cos.obj
 0003:00003a60       _NAME_                     10094a60     LIBCMT:sin.obj
 0003:00003a70       _NAME_                     10094a70     LIBCMT:sqrt.obj
 0003:00003cb0       __ctype_loc_style          10094cb0     LIBCMT:wsetloca.obj
 0003:00003cc8       POW_name                   10094cc8     LIBCMT:pow.obj
 0003:00003cd0       _NAME_                     10094cd0     LIBCMT:acos.obj
 0003:00003cd8       _ext_strings               10094cd8     LIBCMT:spawnve.obj
 0003:00003e04       _DoubleFormat              10094e04     LIBCMT:intrncvt.obj
 0003:00003e1c       _FloatFormat               10094e1c     LIBCMT:intrncvt.obj
 0003:00004190       ?_names@?1??_get_fname@@9@9 10095190     LIBCMT:fpexcept.obj
 0003:00004278       _over                      10095278     LIBCMT:fpctrl.obj
 0003:00004284       _under                     10095284     LIBCMT:fpctrl.obj
 0003:00004290       ?__DAZ_ENABLED@?1??__set_fpsr_sse2@@9@9 10095290     LIBCMT:fpctrl.obj
 0003:00006cd4       ?nullrc@?6??MsgFunc_HideWeapon@CHudAmmo@@QAEHPBDHPAX@Z@4Urect_s@@A 10097cd4     ammo.obj
 0003:00006ce4       ?nullrc@?1??MsgFunc_CurWeapon@CHudAmmo@@QAEHPBDHPAX@Z@4Urect_s@@A 10097ce4     ammo.obj
 0003:00008ae8       _glSeed                    10099ae8     com_weapons.obj
 0003:00008af4       _g_currentanim             10099af4     com_weapons.obj
 0003:00008e34       ?gTempEntFrame@?1??HUD_TempEntUpdate@@9@4HA 10099e34     entity.obj
 0003:0000cef8       ?m_flShotTime@?1??Redraw@CHud@@QAEHMH@Z@4HA 1009def8     hud_redraw.obj
 0003:0000cf00       _g_pServers                1009df00     hud_servers.obj
 0003:0000cf20       _context_id                1009df20     hud_servers.obj
 0003:0000cf28       _g_fieldname               1009df28     hud_servers.obj
 0003:0000d088       _cam_pitchup               1009e088     in_camera.obj
 0003:0000d094       _cam_pitchdown             1009e094     in_camera.obj
 0003:0000d0a0       _cam_yawleft               1009e0a0     in_camera.obj
 0003:0000d0ac       _cam_yawright              1009e0ac     in_camera.obj
 0003:0000d0b8       _cam_in                    1009e0b8     in_camera.obj
 0003:0000d0c4       _cam_out                   1009e0c4     in_camera.obj
 0003:0000d264       ?oldangles@?1??CL_CreateMove@@9@4VVector@@A 1009e264     input.obj
 0003:0000d270       ?$S30@?1??CL_CreateMove@@9@4IA 1009e270     input.obj
 0003:0000d360       _restore_spi               1009e360     inputw32.obj
 0003:0000d364       _originalmouseparms        1009e364     inputw32.obj
 0003:0000d370       _mouseactive               1009e370     inputw32.obj
 0003:0000d374       _mouseparmsvalid           1009e374     inputw32.obj
 0003:0000d378       _ji                        1009e378     inputw32.obj
 0003:0000dbe0       _gpBuf                     1009ebe0     parsemsg.obj
 0003:0000dbe4       _giSize                    1009ebe4     parsemsg.obj
 0003:0000dbe8       _giRead                    1009ebe8     parsemsg.obj
 0003:0000dbec       _giBadRead                 1009ebec     parsemsg.obj
 0003:0000dbf0       ?string@?1??READ_STRING@@YAPADXZ@4PADA 1009ebf0     parsemsg.obj
 0003:0000e400       _pm_shared_initialized     1009f400     pm_shared.obj
 0003:0000e408       _gcTextures                1009f408     pm_shared.obj
 0003:0000e410       ?bTextureTypeInit@?1??PM_InitTextureTypes@@9@9 1009f410     pm_shared.obj
 0003:0000e414       ?iSkipStep@?1??PM_PlayStepSound@@9@9 1009f414     pm_shared.obj
 0003:0000e418       _rgv3tStuckTable           1009f418     pm_shared.obj
 0003:0000e6a0       _rgStuckLast               1009f6a0     pm_shared.obj
 0003:0000e7a0       _grgszTextureName          1009f7a0     pm_shared.obj
 0003:000101a0       _grgchTextureType          100a11a0     pm_shared.obj
 0003:000103a0       ?rgStuckCheckTime@?1??PM_CheckStuck@@9@9 100a13a0     pm_shared.obj
 0003:000104a0       _flScrollTime              100a14a0     saytext.obj
 0003:000104a4       _Y_START                   100a14a4     saytext.obj
 0003:000104a8       _line_height               100a14a8     saytext.obj
 0003:000104b0       _g_szLineBuffer            100a14b0     saytext.obj
 0003:00010ab0       _g_pflNameColors           100a1ab0     saytext.obj
 0003:00010ac8       _g_iNameLengths            100a1ac8     saytext.obj
 0003:00010ae0       ?buf@?BE@??Draw@CHudSayText@@UAEHM@Z@4PADA 100a1ae0     saytext.obj
 0003:00010c18       ?viewmatrix@?DG@??StudioSetUpTransform@CStudioModelRenderer@@UAEXH@Z@4PAY03MA 100a1c18     StudioModelRenderer.obj
 0003:00010c48       ?pos@?1??StudioSetupBones@CStudioModelRenderer@@UAEXXZ@4PAY02MA 100a1c48     StudioModelRenderer.obj
 0003:00011248       ?q@?1??StudioSetupBones@CStudioModelRenderer@@UAEXXZ@4PAY03MA 100a2248     StudioModelRenderer.obj
 0003:00011a48       ?pos2@?1??StudioSetupBones@CStudioModelRenderer@@UAEXXZ@4PAY02MA 100a2a48     StudioModelRenderer.obj
 0003:00012048       ?q2@?1??StudioSetupBones@CStudioModelRenderer@@UAEXXZ@4PAY03MA 100a3048     StudioModelRenderer.obj
 0003:00012848       ?pos3@?1??StudioSetupBones@CStudioModelRenderer@@UAEXXZ@4PAY02MA 100a3848     StudioModelRenderer.obj
 0003:00012e48       ?q3@?1??StudioSetupBones@CStudioModelRenderer@@UAEXXZ@4PAY03MA 100a3e48     StudioModelRenderer.obj
 0003:00013648       ?pos4@?1??StudioSetupBones@CStudioModelRenderer@@UAEXXZ@4PAY02MA 100a4648     StudioModelRenderer.obj
 0003:00013c48       ?q4@?1??StudioSetupBones@CStudioModelRenderer@@UAEXXZ@4PAY03MA 100a4c48     StudioModelRenderer.obj
 0003:00014448       ?pos1b@?BB@??StudioSetupBones@CStudioModelRenderer@@UAEXXZ@4PAY02MA 100a5448     StudioModelRenderer.obj
 0003:00014a48       ?q1b@?BB@??StudioSetupBones@CStudioModelRenderer@@UAEXXZ@4PAY03MA 100a5a48     StudioModelRenderer.obj
 0003:00015248       ?pos@?1??StudioMergeBones@CStudioModelRenderer@@UAEXPAUmodel_s@@@Z@4PAY02MA 100a6248     StudioModelRenderer.obj
 0003:00015848       ?q@?1??StudioMergeBones@CStudioModelRenderer@@UAEXPAUmodel_s@@@Z@4PAY03MA 100a6848     StudioModelRenderer.obj
 0003:00016048       ?word_buf@?6??LocaliseTextString@CHudTextMessage@@SAPADPBDPADH@Z@4PADA 100a7048     text_message.obj
 0003:00016148       ?dst_buffer@?1??BufferedLocaliseTextString@CHudTextMessage@@SAPADPBD@Z@4PADA 100a7148     text_message.obj
 0003:00016548       ?szBuf@?1??MsgFunc_TextMsg@CHudTextMessage@@QAEHPBDHPAX@Z@4PAY0IA@DA 100a7548     text_message.obj
 0003:00016858       ?gd@?1??GetTGANameForRes@@YAPADPBD@Z@4PADA 100a7858     vgui_CustomObjects.obj
 0003:00016960       ?tmpSchemes@?1???0CSchemeManager@@QAE@HH@Z@4PAVCScheme@1@A 100a7960     vgui_SchemeManager.obj
 0003:00018860       ?$S14@?1???0CSchemeManager@@QAE@HH@Z@4IA 100a9860     vgui_SchemeManager.obj
 0003:00019f90       _pd                        100aaf90     view.obj
 0003:00019fa8       ?bobtime@?1??V_CalcBob@@YAMPAUref_params_s@@@Z@4NA 100aafa8     view.obj
 0003:00019fb0       ?bob@?1??V_CalcBob@@YAMPAUref_params_s@@@Z@4MA 100aafb0     view.obj
 0003:00019fb4       ?lasttime@?1??V_CalcBob@@YAMPAUref_params_s@@@Z@4MA 100aafb4     view.obj
 0003:00019fb8       ?ViewInterp@?1??V_CalcNormalRefdef@@YAXPAUref_params_s@@@Z@4Uviewinterp_t@@A 100aafb8     view.obj
 0003:0001a7c0       ?oldz@?1??V_CalcNormalRefdef@@YAXPAUref_params_s@@@Z@4MA 100ab7c0     view.obj
 0003:0001a7c4       ?lasttime@?1??V_CalcNormalRefdef@@YAXPAUref_params_s@@@Z@4MA 100ab7c4     view.obj
 0003:0001a7c8       ?lastorg@?FE@??V_CalcNormalRefdef@@YAXPAUref_params_s@@@Z@4PAMA 100ab7c8     view.obj
 0003:0001a7d4       ?velocity@?1??V_CalcSpectatorRefdef@@YAXPAUref_params_s@@@Z@4VVector@@A 100ab7d4     view.obj
 0003:0001a7e0       ?$S14@?1??V_CalcSpectatorRefdef@@YAXPAUref_params_s@@@Z@4IA 100ab7e0     view.obj
 0003:0001a7e4       ?lastWeaponModelIndex@?1??V_CalcSpectatorRefdef@@YAXPAUref_params_s@@@Z@4HA 100ab7e4     view.obj
 0003:0001a7e8       ?lastViewModelIndex@?1??V_CalcSpectatorRefdef@@YAXPAUref_params_s@@@Z@4HA 100ab7e8     view.obj
 0003:0001a808       _tracerCount               100ab808     ev_hldm.obj
 0003:0001a888       ?decalname@?1??EV_HLDM_DamageDecal@@YAPADPAUphysent_s@@@Z@4PADA 100ab888     ev_hldm.obj
 0003:0001b1d8       _num_ents                  100ac1d8     hl_weapons.obj
 0003:0001b1f0       _ev                        100ac1f0     hl_weapons.obj
 0003:00020670       _Globals                   100b1670     hl_weapons.obj
 0003:00020720       _g_pWpns                   100b1720     hl_weapons.obj
 0003:000207a0       ?string@?1??AlertMessage@@YAXW4ALERT_TYPE@@PADZZ@4PADA 100b17a0     hl_weapons.obj
 0003:00020ba0       ?initialized@?1??HUD_InitClientWeapons@@YAXXZ@4HA 100b1ba0     hl_weapons.obj
 0003:00020ba4       ?lasthealth@?1??HUD_WeaponsPostThink@@YAXPAUlocal_state_s@@0PAUusercmd_s@@NI@Z@4HA 100b1ba4     hl_weapons.obj
 0003:00020bb0       _g_pInternalVoiceStatus    100b1bb0     voice_status.obj
 0003:00039c60       _GS_ExceptionRecord        100cac60     LIBCMT:gs_report.obj
 0003:00039cb0       _GS_ContextRecord          100cacb0     LIBCMT:gs_report.obj
 0003:00039f7c       _DebuggerWasPresent        100caf7c     LIBCMT:gs_report.obj
 0003:00039f88       ___proc_attached           100caf88     LIBCMT:dllcrt0.obj
 0003:00039f98       ?outmsg@?8??_NMSG_WRITE@@9@9 100caf98     LIBCMT:crt0msg.obj
 0003:0003a5d0       _lclcritsects              100cb5d0     LIBCMT:mlock.obj
 0003:0003a728       _g_pfnRtlGenRandom         100cb728     LIBCMT:rand_s.obj
 0003:0003a72c       _ctrlc_action              100cb72c     LIBCMT:winsig.obj
 0003:0003a730       _ctrlbreak_action          100cb730     LIBCMT:winsig.obj
 0003:0003a734       _abort_action              100cb734     LIBCMT:winsig.obj
 0003:0003a738       _term_action               100cb738     LIBCMT:winsig.obj
 0003:0003a73c       _ConsoleCtrlHandler_Installed 100cb73c     LIBCMT:winsig.obj
 0003:0003a758       _fSystemSet                100cb758     LIBCMT:mbctype.obj
 0003:0003a76c       ___type_info_root_node     100cb76c     LIBCMT:typname.obj
 0003:0003a77c       __pmatherr_set             100cb77c     LIBCMT:libm_error.obj
 0003:0003a790       ?_pgmname@?1??_setargv@@9@9 100cb790     LIBCMT:stdargv.obj
 0003:0003a89c       ?pfnMessageBox@?1??__crtMessageBoxW@@9@9 100cb89c     LIBCMT:crtmboxw.obj
 0003:0003a8a0       ?pfnGetActiveWindow@?1??__crtMessageBoxW@@9@9 100cb8a0     LIBCMT:crtmboxw.obj
 0003:0003a8a4       ?pfnGetLastActivePopup@?1??__crtMessageBoxW@@9@9 100cb8a4     LIBCMT:crtmboxw.obj
 0003:0003a8a8       ?pfnGetProcessWindowStation@?1??__crtMessageBoxW@@9@9 100cb8a8     LIBCMT:crtmboxw.obj
 0003:0003a8ac       ?pfnGetUserObjectInformation@?1??__crtMessageBoxW@@9@9 100cb8ac     LIBCMT:crtmboxw.obj
 0003:0003a8b0       ___enable_percent_n        100cb8b0     LIBCMT:printf.obj
 0003:0003a8dc       _heap                      100cb8dc     LIBCMT:undname.obj
 0004:000000a0       $R000000                   100cd0a0     cl_dll.res
 0004:000002f8       $R000258                   100cd2f8     cl_dll.res
